Log file open, 04/22/23 15:09:17
LogWindows: Failed to load 'aqProf.dll' (GetLastError=126)
LogWindows: File 'aqProf.dll' does not exist
LogWindows: Failed to load 'VtuneApi.dll' (GetLastError=126)
LogWindows: File 'VtuneApi.dll' does not exist
LogWindows: Failed to load 'VtuneApi32e.dll' (GetLastError=126)
LogWindows: File 'VtuneApi32e.dll' does not exist
LogConsoleResponse: Display: Failed to find resolution value strings in scalability ini. Falling back to default.
LogConsoleResponse: Display: Failed to find resolution value strings in scalability ini. Falling back to default.
LogInit: Display: Running engine for game: SpeedLimit_UniAzad
LogPlatformFile: Not using cached read wrapper
LogTaskGraph: Started task graph with 5 named threads and 23 total threads with 3 sets of task threads.
LogStats: Stats thread started at 0.168792
LogICUInternationalization: ICU TimeZone Detection - Raw Offset: +3:30, Platform Override: ''
LogInit: Display: Loading text-based GConfig....
LogPluginManager: Mounting plugin MeshPainting
LogPluginManager: Mounting plugin XGEController
LogPluginManager: Mounting plugin AISupport
LogPluginManager: Mounting plugin Paper2D
LogPluginManager: Mounting plugin EnvironmentQueryEditor
LogPluginManager: Mounting plugin LiveLink
LogPluginManager: Mounting plugin LightPropagationVolume
LogPluginManager: Mounting plugin CameraShakePreviewer
LogPluginManager: Mounting plugin OodleData
LogPluginManager: Mounting plugin OodleNetwork
LogPluginManager: Mounting plugin GameplayCameras
LogPluginManager: Mounting plugin AnimationSharing
LogPluginManager: Mounting plugin CLionSourceCodeAccess
LogPluginManager: Mounting plugin CodeLiteSourceCodeAccess
LogPluginManager: Mounting plugin GitSourceControl
LogPluginManager: Mounting plugin KDevelopSourceCodeAccess
LogPluginManager: Mounting plugin NullSourceCodeAccess
LogPluginManager: Mounting plugin PropertyAccessNode
LogPluginManager: Mounting plugin PixWinPlugin
LogPluginManager: Mounting plugin PluginUtils
LogPluginManager: Mounting plugin PerforceSourceControl
LogPluginManager: Mounting plugin PlasticSourceControl
LogPluginManager: Mounting plugin RiderSourceCodeAccess
LogPluginManager: Mounting plugin SubversionSourceControl
LogPluginManager: Mounting plugin TextureFormatOodle
LogPluginManager: Mounting plugin AlembicImporter
LogPluginManager: Mounting plugin AutomationUtils
LogPluginManager: Mounting plugin UObjectPlugin
LogPluginManager: Mounting plugin BackChannel
LogPluginManager: Mounting plugin AssetManagerEditor
LogPluginManager: Mounting plugin ChaosCloth
LogPluginManager: Mounting plugin VisualStudioCodeSourceCodeAccess
LogPluginManager: Mounting plugin VisualStudioSourceCodeAccess
LogPluginManager: Mounting plugin CurveEditorTools
LogPluginManager: Mounting plugin CryptoKeys
LogPluginManager: Mounting plugin ChaosClothEditor
LogPluginManager: Mounting plugin XCodeSourceCodeAccess
LogPluginManager: Mounting plugin ChaosEditor
LogPluginManager: Mounting plugin DataValidation
LogPluginManager: Mounting plugin ChaosNiagara
LogPluginManager: Mounting plugin FacialAnimation
LogPluginManager: Mounting plugin GameplayTagsEditor
LogPluginManager: Mounting plugin ChaosSolverPlugin
LogPluginManager: Mounting plugin GeometryMode
LogPluginManager: Mounting plugin MacGraphicsSwitching
LogPluginManager: Mounting plugin MaterialAnalyzer
LogPluginManager: Mounting plugin CharacterAI
LogPluginManager: Mounting plugin GeometryCache
LogPluginManager: Mounting plugin GeometryProcessing
LogPluginManager: Mounting plugin GeometryCollectionPlugin
LogPluginManager: Mounting plugin PlanarCut
LogPluginManager: Mounting plugin OpenImageDenoise
LogPluginManager: Mounting plugin MotoSynth
LogPluginManager: Mounting plugin PlatformCrypto
LogPluginManager: Mounting plugin PythonScriptPlugin
LogPluginManager: Mounting plugin ProxyLODPlugin
LogPluginManager: Mounting plugin SkeletalReduction
LogPluginManager: Mounting plugin AndroidMedia
LogPluginManager: Mounting plugin AvfMedia
LogPluginManager: Mounting plugin ImgMedia
LogPluginManager: Mounting plugin MediaPlayerEditor
LogPluginManager: Mounting plugin MediaCompositing
LogPluginManager: Mounting plugin LuminPlatformFeatures
LogPluginManager: Mounting plugin WebMMedia
LogPluginManager: Mounting plugin WmfMedia
LogPluginManager: Mounting plugin MagicLeap
LogPluginManager: Mounting plugin MagicLeapLightEstimation
LogPluginManager: Mounting plugin MagicLeapMedia
LogPluginManager: Mounting plugin MagicLeapPassableWorld
LogPluginManager: Mounting plugin MLSDK
LogPluginManager: Mounting plugin TcpMessaging
LogPluginManager: Mounting plugin UdpMessaging
LogPluginManager: Mounting plugin ActorSequence
LogPluginManager: Mounting plugin LevelSequenceEditor
LogPluginManager: Mounting plugin MatineeToLevelSequence
LogPluginManager: Mounting plugin TemplateSequence
LogPluginManager: Mounting plugin OnlineSubsystem
LogPluginManager: Mounting plugin LauncherChunkInstaller
LogPluginManager: Mounting plugin OnlineSubsystemNull
LogPluginManager: Mounting plugin OnlineSubsystemUtils
LogPluginManager: Mounting plugin ActorLayerUtilities
LogPluginManager: Mounting plugin AndroidDeviceProfileSelector
LogPluginManager: Mounting plugin AndroidMoviePlayer
LogPluginManager: Mounting plugin AndroidPermission
LogPluginManager: Mounting plugin AppleMoviePlayer
LogPluginManager: Mounting plugin AppleImageUtils
LogPluginManager: Mounting plugin ArchVisCharacter
LogPluginManager: Mounting plugin AssetTags
LogPluginManager: Mounting plugin AudioCapture
LogPluginManager: Mounting plugin AudioSynesthesia
LogPluginManager: Mounting plugin ChunkDownloader
LogPluginManager: Mounting plugin CableComponent
LogPluginManager: Mounting plugin CustomMeshComponent
LogPluginManager: Mounting plugin EditableMesh
LogPluginManager: Mounting plugin ExampleDeviceProfileSelector
LogPluginManager: Mounting plugin GooglePAD
LogPluginManager: Mounting plugin GoogleCloudMessaging
LogPluginManager: Mounting plugin IOSDeviceProfileSelector
LogPluginManager: Mounting plugin LinuxDeviceProfileSelector
LogPluginManager: Mounting plugin LocationServicesBPLibrary
LogPluginManager: Mounting plugin MobilePatchingUtils
LogPluginManager: Mounting plugin OpenXRHandTracking
LogPluginManager: Mounting plugin OpenXREyeTracker
LogPluginManager: Mounting plugin OpenXR
LogPluginManager: Mounting plugin PhysXVehicles
LogPluginManager: Mounting plugin PostSplashScreen
LogPluginManager: Mounting plugin PropertyAccessEditor
LogPluginManager: Mounting plugin ProceduralMeshComponent
LogPluginManager: Mounting plugin RuntimePhysXCooking
LogPluginManager: Mounting plugin SignificanceManager
LogPluginManager: Mounting plugin SoundFields
LogPluginManager: Mounting plugin Synthesis
LogPluginManager: Mounting plugin WebMMoviePlayer
LogPluginManager: Mounting plugin WindowsMoviePlayer
LogPluginManager: Mounting plugin ScreenshotTools
LogPluginManager: Mounting plugin Takes
LogPluginManager: Mounting plugin MobileLauncherProfileWizard
LogPluginManager: Mounting plugin PluginBrowser
LogPluginManager: Mounting plugin SpeedTreeImporter
LogPluginManager: Mounting plugin Niagara
LogPluginManager: Mounting plugin DatasmithContent
LogPluginManager: Mounting plugin VariantManagerContent
LogPluginManager: Mounting plugin ContentBrowserAssetDataSource
LogPluginManager: Mounting plugin ContentBrowserClassDataSource
LogPluginManager: Mounting plugin ContentBrowserFileDataSource
LogPluginManager: Mounting plugin OnlineSubsystemIOS
LogPluginManager: Mounting plugin OnlineSubsystemGooglePlay
LogPluginManager: Mounting plugin OculusVR
LogPluginManager: Mounting plugin SteamVR
PixWinPlugin: PIX capture plugin failed to initialize! Check that the process is launched from PIX.
LogInit: Using libcurl 7.55.1-DEV
LogInit:  - built for x86_64-pc-win32
LogInit:  - supports SSL with OpenSSL/1.1.1
LogInit:  - supports HTTP deflate (compression) using libz 1.2.8
LogInit:  - other features:
LogInit:      CURL_VERSION_SSL
LogInit:      CURL_VERSION_LIBZ
LogInit:      CURL_VERSION_IPV6
LogInit:      CURL_VERSION_ASYNCHDNS
LogInit:      CURL_VERSION_LARGEFILE
LogInit:      CURL_VERSION_IDN
LogInit:  CurlRequestOptions (configurable via config and command line):
LogInit:  - bVerifyPeer = true  - Libcurl will verify peer certificate
LogInit:  - bUseHttpProxy = false  - Libcurl will NOT use HTTP proxy
LogInit:  - bDontReuseConnections = false  - Libcurl will reuse connections
LogInit:  - MaxHostConnections = 16  - Libcurl will limit the number of connections to a host
LogInit:  - LocalHostAddr = Default
LogInit:  - BufferSize = 65536
LogOnline: OSS: Creating online subsystem instance for: NULL
LogInit: WinSock: version 1.1 (2.2), MaxSocks=32767, MaxUdp=65467
LogOnline: OSS: TryLoadSubsystemAndSetDefault: Loaded subsystem for module [NULL]
LogOculusPluginWrapper: OculusPlugin initialized successfully
LogHMD: Failed initializing OVRPlugin 1.59.0
LogInit: Build: ++UE4+Release-4.27-CL-17155196
LogInit: Engine Version: 4.27.0-17155196+++UE4+Release-4.27
LogInit: Compatible Engine Version: 4.27.0-17155196+++UE4+Release-4.27
LogInit: Net CL: 17155196
LogInit: OS: Windows 10 (Release 2009) (), CPU: 11th Gen Intel(R) Core(TM) i7-1195G7 @ 2.90GHz, GPU: Intel(R) Iris(R) Xe Graphics
LogInit: Compiled (64-bit): Aug 13 2021 06:13:13
LogInit: Compiled with Visual C++: 19.24.28315.00
LogInit: Build Configuration: Development
LogInit: Branch Name: ++UE4+Release-4.27
LogInit: Command Line: 
LogInit: Base Directory: E:/Downloads/unreal_engine_v4.27_compiled/Unreal Engine v4.27 Compiled/Engine/Binaries/Win64/
LogInit: Allocator: TBB
LogInit: Installed Engine Build: 1
LogDevObjectVersion: Number of dev versions registered: 29
LogDevObjectVersion:   Dev-Blueprints (B0D832E4-1F89-4F0D-ACCF-7EB736FD4AA2): 10
LogDevObjectVersion:   Dev-Build (E1C64328-A22C-4D53-A36C-8E866417BD8C): 0
LogDevObjectVersion:   Dev-Core (375EC13C-06E4-48FB-B500-84F0262A717E): 4
LogDevObjectVersion:   Dev-Editor (E4B068ED-F494-42E9-A231-DA0B2E46BB41): 40
LogDevObjectVersion:   Dev-Framework (CFFC743F-43B0-4480-9391-14DF171D2073): 37
LogDevObjectVersion:   Dev-Mobile (B02B49B5-BB20-44E9-A304-32B752E40360): 3
LogDevObjectVersion:   Dev-Networking (A4E4105C-59A1-49B5-A7C5-40C4547EDFEE): 0
LogDevObjectVersion:   Dev-Online (39C831C9-5AE6-47DC-9A44-9C173E1C8E7C): 0
LogDevObjectVersion:   Dev-Physics (78F01B33-EBEA-4F98-B9B4-84EACCB95AA2): 14
LogDevObjectVersion:   Dev-Platform (6631380F-2D4D-43E0-8009-CF276956A95A): 0
LogDevObjectVersion:   Dev-Rendering (12F88B9F-8875-4AFC-A67C-D90C383ABD29): 45
LogDevObjectVersion:   Dev-Sequencer (7B5AE74C-D270-4C10-A958-57980B212A5A): 13
LogDevObjectVersion:   Dev-VR (D7296918-1DD6-4BDD-9DE2-64A83CC13884): 3
LogDevObjectVersion:   Dev-LoadTimes (C2A15278-BFE7-4AFE-6C17-90FF531DF755): 1
LogDevObjectVersion:   Private-Geometry (6EACA3D4-40EC-4CC1-B786-8BED09428FC5): 3
LogDevObjectVersion:   Dev-AnimPhys (29E575DD-E0A3-4627-9D10-D276232CDCEA): 17
LogDevObjectVersion:   Dev-Anim (AF43A65D-7FD3-4947-9873-3E8ED9C1BB05): 15
LogDevObjectVersion:   Dev-ReflectionCapture (6B266CEC-1EC7-4B8F-A30B-E4D90942FC07): 1
LogDevObjectVersion:   Dev-Automation (0DF73D61-A23F-47EA-B727-89E90C41499A): 1
LogDevObjectVersion:   FortniteMain (601D1886-AC64-4F84-AA16-D3DE0DEAC7D6): 47
LogDevObjectVersion:   FortniteRelease (E7086368-6B23-4C58-8439-1B7016265E91): 1
LogDevObjectVersion:   Dev-Enterprise (9DFFBCD6-494F-0158-E221-12823C92A888): 10
LogDevObjectVersion:   Dev-Niagara (F2AED0AC-9AFE-416F-8664-AA7FFA26D6FC): 1
LogDevObjectVersion:   Dev-Destruction (174F1F0B-B4C6-45A5-B13F-2EE8D0FB917D): 10
LogDevObjectVersion:   Dev-Physics-Ext (35F94A83-E258-406C-A318-09F59610247C): 41
LogDevObjectVersion:   Dev-PhysicsMaterial-Chaos (B68FC16E-8B1B-42E2-B453-215C058844FE): 1
LogDevObjectVersion:   Dev-CineCamera (B2E18506-4273-CFC2-A54E-F4BB758BBA07): 1
LogDevObjectVersion:   Dev-VirtualProduction (64F58936-FD1B-42BA-BA96-7289D5D0FA4E): 1
LogDevObjectVersion:   Dev-MediaFramework (6F0ED827-A609-4895-9C91-998D90180EA4): 2
LogInit: Presizing for max 25165824 objects, including 0 objects not considered by GC, pre-allocating 0 bytes for permanent pool.
LogConfig: Applying CVar settings from Section [/Script/Engine.StreamingSettings] File [E:/Asus/Documents/GitHub/TheTroubleMakers/Unreal Engine Project/SpeedLimit_UniAzad/Saved/Config/Windows/Engine.ini]
LogConfig: Setting CVar [[s.MinBulkDataSizeForAsyncLoading:131072]]
LogConfig: Setting CVar [[s.AsyncLoadingThreadEnabled:0]]
LogConfig: Setting CVar [[s.EventDrivenLoaderEnabled:1]]
LogConfig: Setting CVar [[s.WarnIfTimeLimitExceeded:0]]
LogConfig: Setting CVar [[s.TimeLimitExceededMultiplier:1.5]]
LogConfig: Setting CVar [[s.TimeLimitExceededMinTime:0.005]]
LogConfig: Setting CVar [[s.UseBackgroundLevelStreaming:1]]
LogConfig: Setting CVar [[s.PriorityAsyncLoadingExtraTime:15.0]]
LogConfig: Setting CVar [[s.LevelStreamingActorsUpdateTimeLimit:5.0]]
LogConfig: Setting CVar [[s.PriorityLevelStreamingActorsUpdateExtraTime:5.0]]
LogConfig: Setting CVar [[s.LevelStreamingComponentsRegistrationGranularity:10]]
LogConfig: Setting CVar [[s.UnregisterComponentsTimeLimit:1.0]]
LogConfig: Setting CVar [[s.LevelStreamingComponentsUnregistrationGranularity:5]]
LogConfig: Setting CVar [[s.FlushStreamingOnExit:1]]
LogInit: Object subsystem initialized
LogConfig: Setting CVar [[con.DebugEarlyDefault:1]]
LogConfig: Setting CVar [[r.setres:1280x720]]
[2023.04.22-11.39.17:312][  0]LogConfig: Setting CVar [[r.VSync:0]]
[2023.04.22-11.39.17:312][  0]LogConfig: Setting CVar [[r.RHICmdBypass:0]]
[2023.04.22-11.39.17:312][  0]LogConfig: Applying CVar settings from Section [/Script/Engine.RendererSettings] File [E:/Asus/Documents/GitHub/TheTroubleMakers/Unreal Engine Project/SpeedLimit_UniAzad/Saved/Config/Windows/Engine.ini]
[2023.04.22-11.39.17:312][  0]LogConfig: Setting CVar [[r.GPUCrashDebugging:0]]
[2023.04.22-11.39.17:312][  0]LogConfig: Applying CVar settings from Section [/Script/Engine.RendererOverrideSettings] File [E:/Asus/Documents/GitHub/TheTroubleMakers/Unreal Engine Project/SpeedLimit_UniAzad/Saved/Config/Windows/Engine.ini]
[2023.04.22-11.39.17:312][  0]LogConfig: Applying CVar settings from Section [/Script/Engine.StreamingSettings] File [E:/Asus/Documents/GitHub/TheTroubleMakers/Unreal Engine Project/SpeedLimit_UniAzad/Saved/Config/Windows/Engine.ini]
[2023.04.22-11.39.17:312][  0]LogConfig: Setting CVar [[s.MinBulkDataSizeForAsyncLoading:131072]]
[2023.04.22-11.39.17:312][  0]LogConfig: Setting CVar [[s.AsyncLoadingThreadEnabled:0]]
[2023.04.22-11.39.17:312][  0]LogConfig: Setting CVar [[s.EventDrivenLoaderEnabled:1]]
[2023.04.22-11.39.17:312][  0]LogConfig: Setting CVar [[s.WarnIfTimeLimitExceeded:0]]
[2023.04.22-11.39.17:312][  0]LogConfig: Setting CVar [[s.TimeLimitExceededMultiplier:1.5]]
[2023.04.22-11.39.17:312][  0]LogConfig: Setting CVar [[s.TimeLimitExceededMinTime:0.005]]
[2023.04.22-11.39.17:312][  0]LogConfig: Setting CVar [[s.UseBackgroundLevelStreaming:1]]
[2023.04.22-11.39.17:312][  0]LogConfig: Setting CVar [[s.PriorityAsyncLoadingExtraTime:15.0]]
[2023.04.22-11.39.17:312][  0]LogConfig: Setting CVar [[s.LevelStreamingActorsUpdateTimeLimit:5.0]]
[2023.04.22-11.39.17:312][  0]LogConfig: Setting CVar [[s.PriorityLevelStreamingActorsUpdateExtraTime:5.0]]
[2023.04.22-11.39.17:312][  0]LogConfig: Setting CVar [[s.LevelStreamingComponentsRegistrationGranularity:10]]
[2023.04.22-11.39.17:312][  0]LogConfig: Setting CVar [[s.UnregisterComponentsTimeLimit:1.0]]
[2023.04.22-11.39.17:312][  0]LogConfig: Setting CVar [[s.LevelStreamingComponentsUnregistrationGranularity:5]]
[2023.04.22-11.39.17:312][  0]LogConfig: Setting CVar [[s.FlushStreamingOnExit:1]]
[2023.04.22-11.39.17:312][  0]LogConfig: Applying CVar settings from Section [/Script/Engine.GarbageCollectionSettings] File [E:/Asus/Documents/GitHub/TheTroubleMakers/Unreal Engine Project/SpeedLimit_UniAzad/Saved/Config/Windows/Engine.ini]
[2023.04.22-11.39.17:312][  0]LogConfig: Setting CVar [[gc.MaxObjectsNotConsideredByGC:1]]
[2023.04.22-11.39.17:312][  0]LogConfig: Setting CVar [[gc.SizeOfPermanentObjectPool:0]]
[2023.04.22-11.39.17:312][  0]LogConfig: Setting CVar [[gc.FlushStreamingOnGC:0]]
[2023.04.22-11.39.17:312][  0]LogConfig: Setting CVar [[gc.NumRetriesBeforeForcingGC:10]]
[2023.04.22-11.39.17:312][  0]LogConfig: Setting CVar [[gc.AllowParallelGC:1]]
[2023.04.22-11.39.17:312][  0]LogConfig: Setting CVar [[gc.TimeBetweenPurgingPendingKillObjects:61.1]]
[2023.04.22-11.39.17:312][  0]LogConfig: Setting CVar [[gc.MaxObjectsInEditor:25165824]]
[2023.04.22-11.39.17:312][  0]LogConfig: Setting CVar [[gc.IncrementalBeginDestroyEnabled:1]]
[2023.04.22-11.39.17:312][  0]LogConfig: Setting CVar [[gc.CreateGCClusters:1]]
[2023.04.22-11.39.17:312][  0]LogConfig: Setting CVar [[gc.MinGCClusterSize:5]]
[2023.04.22-11.39.17:312][  0]LogConfig: Setting CVar [[gc.ActorClusteringEnabled:0]]
[2023.04.22-11.39.17:312][  0]LogConfig: Setting CVar [[gc.BlueprintClusteringEnabled:0]]
[2023.04.22-11.39.17:312][  0]LogConfig: Setting CVar [[gc.UseDisregardForGCOnDedicatedServers:0]]
[2023.04.22-11.39.17:312][  0]LogConfig: Setting CVar [[gc.MultithreadedDestructionEnabled:1]]
[2023.04.22-11.39.17:312][  0]LogConfig: Applying CVar settings from Section [/Script/Engine.NetworkSettings] File [E:/Asus/Documents/GitHub/TheTroubleMakers/Unreal Engine Project/SpeedLimit_UniAzad/Saved/Config/Windows/Engine.ini]
[2023.04.22-11.39.17:312][  0]LogConfig: Applying CVar settings from Section [/Script/UnrealEd.CookerSettings] File [E:/Asus/Documents/GitHub/TheTroubleMakers/Unreal Engine Project/SpeedLimit_UniAzad/Saved/Config/Windows/Engine.ini]
[2023.04.22-11.39.17:337][  0]LogConfig: Applying CVar settings from Section [ViewDistanceQuality@3] File [E:/Asus/Documents/GitHub/TheTroubleMakers/Unreal Engine Project/SpeedLimit_UniAzad/Saved/Config/Windows/Scalability.ini]
[2023.04.22-11.39.17:337][  0]LogConfig: Setting CVar [[r.SkeletalMeshLODBias:0]]
[2023.04.22-11.39.17:337][  0]LogConfig: Setting CVar [[r.ViewDistanceScale:1.0]]
[2023.04.22-11.39.17:337][  0]LogConfig: Applying CVar settings from Section [AntiAliasingQuality@3] File [E:/Asus/Documents/GitHub/TheTroubleMakers/Unreal Engine Project/SpeedLimit_UniAzad/Saved/Config/Windows/Scalability.ini]
[2023.04.22-11.39.17:337][  0]LogConfig: Setting CVar [[r.PostProcessAAQuality:4]]
[2023.04.22-11.39.17:337][  0]LogConfig: Applying CVar settings from Section [ShadowQuality@3] File [E:/Asus/Documents/GitHub/TheTroubleMakers/Unreal Engine Project/SpeedLimit_UniAzad/Saved/Config/Windows/Scalability.ini]
[2023.04.22-11.39.17:337][  0]LogConfig: Setting CVar [[r.LightFunctionQuality:1]]
[2023.04.22-11.39.17:337][  0]LogConfig: Setting CVar [[r.ShadowQuality:5]]
[2023.04.22-11.39.17:337][  0]LogConfig: Setting CVar [[r.Shadow.CSM.MaxCascades:10]]
[2023.04.22-11.39.17:337][  0]LogConfig: Setting CVar [[r.Shadow.MaxResolution:2048]]
[2023.04.22-11.39.17:337][  0]LogConfig: Setting CVar [[r.Shadow.MaxCSMResolution:2048]]
[2023.04.22-11.39.17:337][  0]LogConfig: Setting CVar [[r.Shadow.RadiusThreshold:0.01]]
[2023.04.22-11.39.17:337][  0]LogConfig: Setting CVar [[r.Shadow.DistanceScale:1.0]]
[2023.04.22-11.39.17:337][  0]LogConfig: Setting CVar [[r.Shadow.CSM.TransitionScale:1.0]]
[2023.04.22-11.39.17:337][  0]LogConfig: Setting CVar [[r.Shadow.PreShadowResolutionFactor:1.0]]
[2023.04.22-11.39.17:337][  0]LogConfig: Setting CVar [[r.DistanceFieldShadowing:1]]
[2023.04.22-11.39.17:337][  0]LogConfig: Setting CVar [[r.DistanceFieldAO:1]]
[2023.04.22-11.39.17:337][  0]LogConfig: Setting CVar [[r.AOQuality:2]]
[2023.04.22-11.39.17:337][  0]LogConfig: Setting CVar [[r.VolumetricFog:1]]
[2023.04.22-11.39.17:337][  0]LogConfig: Setting CVar [[r.VolumetricFog.GridPixelSize:8]]
[2023.04.22-11.39.17:337][  0]LogConfig: Setting CVar [[r.VolumetricFog.GridSizeZ:128]]
[2023.04.22-11.39.17:337][  0]LogConfig: Setting CVar [[r.VolumetricFog.HistoryMissSupersampleCount:4]]
[2023.04.22-11.39.17:337][  0]LogConfig: Setting CVar [[r.LightMaxDrawDistanceScale:1]]
[2023.04.22-11.39.17:337][  0]LogConfig: Setting CVar [[r.CapsuleShadows:1]]
[2023.04.22-11.39.17:337][  0]LogConfig: Applying CVar settings from Section [PostProcessQuality@3] File [E:/Asus/Documents/GitHub/TheTroubleMakers/Unreal Engine Project/SpeedLimit_UniAzad/Saved/Config/Windows/Scalability.ini]
[2023.04.22-11.39.17:337][  0]LogConfig: Setting CVar [[r.MotionBlurQuality:4]]
[2023.04.22-11.39.17:337][  0]LogConfig: Setting CVar [[r.AmbientOcclusionMipLevelFactor:0.4]]
[2023.04.22-11.39.17:337][  0]LogConfig: Setting CVar [[r.AmbientOcclusionMaxQuality:100]]
[2023.04.22-11.39.17:337][  0]LogConfig: Setting CVar [[r.AmbientOcclusionLevels:-1]]
[2023.04.22-11.39.17:337][  0]LogConfig: Setting CVar [[r.AmbientOcclusionRadiusScale:1.0]]
[2023.04.22-11.39.17:337][  0]LogConfig: Setting CVar [[r.DepthOfFieldQuality:2]]
[2023.04.22-11.39.17:337][  0]LogConfig: Setting CVar [[r.RenderTargetPoolMin:400]]
[2023.04.22-11.39.17:338][  0]LogConfig: Setting CVar [[r.LensFlareQuality:2]]
[2023.04.22-11.39.17:338][  0]LogConfig: Setting CVar [[r.SceneColorFringeQuality:1]]
[2023.04.22-11.39.17:338][  0]LogConfig: Setting CVar [[r.EyeAdaptationQuality:2]]
[2023.04.22-11.39.17:338][  0]LogConfig: Setting CVar [[r.BloomQuality:5]]
[2023.04.22-11.39.17:338][  0]LogConfig: Setting CVar [[r.FastBlurThreshold:100]]
[2023.04.22-11.39.17:338][  0]LogConfig: Setting CVar [[r.Upscale.Quality:3]]
[2023.04.22-11.39.17:338][  0]LogConfig: Setting CVar [[r.Tonemapper.GrainQuantization:1]]
[2023.04.22-11.39.17:338][  0]LogConfig: Setting CVar [[r.LightShaftQuality:1]]
[2023.04.22-11.39.17:338][  0]LogConfig: Setting CVar [[r.Filter.SizeScale:1]]
[2023.04.22-11.39.17:338][  0]LogConfig: Setting CVar [[r.Tonemapper.Quality:5]]
[2023.04.22-11.39.17:338][  0]LogConfig: Setting CVar [[r.DOF.Gather.AccumulatorQuality:1        ; higher gathering accumulator quality]]
[2023.04.22-11.39.17:338][  0]LogConfig: Setting CVar [[r.DOF.Gather.PostfilterMethod:1          ; Median3x3 postfilering method]]
[2023.04.22-11.39.17:338][  0]LogConfig: Setting CVar [[r.DOF.Gather.EnableBokehSettings:0       ; no bokeh simulation when gathering]]
[2023.04.22-11.39.17:338][  0]LogConfig: Setting CVar [[r.DOF.Gather.RingCount:4                 ; medium number of samples when gathering]]
[2023.04.22-11.39.17:338][  0]LogConfig: Setting CVar [[r.DOF.Scatter.ForegroundCompositing:1    ; additive foreground scattering]]
[2023.04.22-11.39.17:338][  0]LogConfig: Setting CVar [[r.DOF.Scatter.BackgroundCompositing:2    ; additive background scattering]]
[2023.04.22-11.39.17:338][  0]LogConfig: Setting CVar [[r.DOF.Scatter.EnableBokehSettings:1      ; bokeh simulation when scattering]]
[2023.04.22-11.39.17:338][  0]LogConfig: Setting CVar [[r.DOF.Scatter.MaxSpriteRatio:0.1         ; only a maximum of 10% of scattered bokeh]]
[2023.04.22-11.39.17:338][  0]LogConfig: Setting CVar [[r.DOF.Recombine.Quality:1                ; cheap slight out of focus]]
[2023.04.22-11.39.17:338][  0]LogConfig: Setting CVar [[r.DOF.Recombine.EnableBokehSettings:0    ; no bokeh simulation on slight out of focus]]
[2023.04.22-11.39.17:338][  0]LogConfig: Setting CVar [[r.DOF.TemporalAAQuality:1                ; more stable temporal accumulation]]
[2023.04.22-11.39.17:338][  0]LogConfig: Setting CVar [[r.DOF.Kernel.MaxForegroundRadius:0.025]]
[2023.04.22-11.39.17:338][  0]LogConfig: Setting CVar [[r.DOF.Kernel.MaxBackgroundRadius:0.025]]
[2023.04.22-11.39.17:338][  0]LogConfig: Applying CVar settings from Section [TextureQuality@3] File [E:/Asus/Documents/GitHub/TheTroubleMakers/Unreal Engine Project/SpeedLimit_UniAzad/Saved/Config/Windows/Scalability.ini]
[2023.04.22-11.39.17:338][  0]LogConfig: Setting CVar [[r.Streaming.MipBias:0]]
[2023.04.22-11.39.17:338][  0]LogConfig: Setting CVar [[r.Streaming.AmortizeCPUToGPUCopy:0]]
[2023.04.22-11.39.17:338][  0]LogConfig: Setting CVar [[r.Streaming.MaxNumTexturesToStreamPerFrame:0]]
[2023.04.22-11.39.17:338][  0]LogConfig: Setting CVar [[r.Streaming.Boost:1]]
[2023.04.22-11.39.17:338][  0]LogConfig: Setting CVar [[r.MaxAnisotropy:8]]
[2023.04.22-11.39.17:338][  0]LogConfig: Setting CVar [[r.VT.MaxAnisotropy:8]]
[2023.04.22-11.39.17:338][  0]LogConfig: Setting CVar [[r.Streaming.LimitPoolSizeToVRAM:0]]
[2023.04.22-11.39.17:338][  0]LogConfig: Setting CVar [[r.Streaming.PoolSize:1000]]
[2023.04.22-11.39.17:338][  0]LogConfig: Setting CVar [[r.Streaming.MaxEffectiveScreenSize:0]]
[2023.04.22-11.39.17:338][  0]LogConfig: Applying CVar settings from Section [EffectsQuality@3] File [E:/Asus/Documents/GitHub/TheTroubleMakers/Unreal Engine Project/SpeedLimit_UniAzad/Saved/Config/Windows/Scalability.ini]
[2023.04.22-11.39.17:338][  0]LogConfig: Setting CVar [[r.TranslucencyLightingVolumeDim:64]]
[2023.04.22-11.39.17:338][  0]LogConfig: Setting CVar [[r.RefractionQuality:2]]
[2023.04.22-11.39.17:338][  0]LogConfig: Setting CVar [[r.SSR.Quality:3]]
[2023.04.22-11.39.17:338][  0]LogConfig: Setting CVar [[r.SSR.HalfResSceneColor:0]]
[2023.04.22-11.39.17:338][  0]LogConfig: Setting CVar [[r.SceneColorFormat:4]]
[2023.04.22-11.39.17:338][  0]LogConfig: Setting CVar [[r.DetailMode:2]]
[2023.04.22-11.39.17:338][  0]LogConfig: Setting CVar [[r.TranslucencyVolumeBlur:1]]
[2023.04.22-11.39.17:338][  0]LogConfig: Setting CVar [[r.MaterialQualityLevel:1 ; High quality]]
[2023.04.22-11.39.17:338][  0]LogConfig: Setting CVar [[r.AnisotropicMaterials:1]]
[2023.04.22-11.39.17:338][  0]LogConfig: Setting CVar [[r.SSS.Scale:1]]
[2023.04.22-11.39.17:338][  0]LogConfig: Setting CVar [[r.SSS.SampleSet:2]]
[2023.04.22-11.39.17:338][  0]LogConfig: Setting CVar [[r.SSS.Quality:1]]
[2023.04.22-11.39.17:338][  0]LogConfig: Setting CVar [[r.SSS.HalfRes:0]]
[2023.04.22-11.39.17:338][  0]LogConfig: Setting CVar [[r.SSGI.Quality:3]]
[2023.04.22-11.39.17:338][  0]LogConfig: Setting CVar [[r.EmitterSpawnRateScale:1.0]]
[2023.04.22-11.39.17:338][  0]LogConfig: Setting CVar [[r.ParticleLightQuality:2]]
[2023.04.22-11.39.17:338][  0]LogConfig: Setting CVar [[r.SkyAtmosphere.AerialPerspectiveLUT.FastApplyOnOpaque:1 ; Always have FastSkyLUT 1 in this case to avoid wrong sky]]
[2023.04.22-11.39.17:338][  0]LogConfig: Setting CVar [[r.SkyAtmosphere.AerialPerspectiveLUT.SampleCountMaxPerSlice:4]]
[2023.04.22-11.39.17:338][  0]LogConfig: Setting CVar [[r.SkyAtmosphere.AerialPerspectiveLUT.DepthResolution:16.0]]
[2023.04.22-11.39.17:338][  0]LogConfig: Setting CVar [[r.SkyAtmosphere.FastSkyLUT:1]]
[2023.04.22-11.39.17:338][  0]LogConfig: Setting CVar [[r.SkyAtmosphere.FastSkyLUT.SampleCountMin:4.0]]
[2023.04.22-11.39.17:338][  0]LogConfig: Setting CVar [[r.SkyAtmosphere.FastSkyLUT.SampleCountMax:128.0]]
[2023.04.22-11.39.17:338][  0]LogConfig: Setting CVar [[r.SkyAtmosphere.SampleCountMin:4.0]]
[2023.04.22-11.39.17:338][  0]LogConfig: Setting CVar [[r.SkyAtmosphere.SampleCountMax:128.0]]
[2023.04.22-11.39.17:338][  0]LogConfig: Setting CVar [[r.SkyAtmosphere.TransmittanceLUT.UseSmallFormat:0]]
[2023.04.22-11.39.17:338][  0]LogConfig: Setting CVar [[r.SkyAtmosphere.TransmittanceLUT.SampleCount:10.0]]
[2023.04.22-11.39.17:338][  0]LogConfig: Setting CVar [[r.SkyAtmosphere.MultiScatteringLUT.SampleCount:15.0]]
[2023.04.22-11.39.17:338][  0]LogConfig: Setting CVar [[r.SkyLight.RealTimeReflectionCapture:1]]
[2023.04.22-11.39.17:338][  0]LogConfig: Applying CVar settings from Section [FoliageQuality@3] File [E:/Asus/Documents/GitHub/TheTroubleMakers/Unreal Engine Project/SpeedLimit_UniAzad/Saved/Config/Windows/Scalability.ini]
[2023.04.22-11.39.17:338][  0]LogConfig: Setting CVar [[foliage.DensityScale:1.0]]
[2023.04.22-11.39.17:338][  0]LogConfig: Setting CVar [[grass.DensityScale:1.0]]
[2023.04.22-11.39.17:338][  0]LogConfig: Applying CVar settings from Section [ShadingQuality@3] File [E:/Asus/Documents/GitHub/TheTroubleMakers/Unreal Engine Project/SpeedLimit_UniAzad/Saved/Config/Windows/Scalability.ini]
[2023.04.22-11.39.17:338][  0]LogConfig: Setting CVar [[r.HairStrands.SkyLighting.IntegrationType:2]]
[2023.04.22-11.39.17:338][  0]LogConfig: Setting CVar [[r.HairStrands.SkyAO.SampleCount:4]]
[2023.04.22-11.39.17:338][  0]LogConfig: Setting CVar [[r.HairStrands.Visibility.MSAA.SamplePerPixel:4]]
[2023.04.22-11.39.17:338][  0]LogInit: Selected Device Profile: [Windows]
[2023.04.22-11.39.17:338][  0]LogInit: Applying CVar settings loaded from the selected device profile: [Windows]
[2023.04.22-11.39.17:338][  0]LogHAL: Display: Platform has ~ 16 GB [16856285184 / 17179869184 / 16], which maps to Larger [LargestMinGB=32, LargerMinGB=12, DefaultMinGB=8, SmallerMinGB=6, SmallestMinGB=0)
[2023.04.22-11.39.17:338][  0]LogInit: Going up to parent DeviceProfile []
[2023.04.22-11.39.17:338][  0]LogConfig: Applying CVar settings from Section [ViewDistanceQuality@3] File [E:/Asus/Documents/GitHub/TheTroubleMakers/Unreal Engine Project/SpeedLimit_UniAzad/Saved/Config/Windows/Scalability.ini]
[2023.04.22-11.39.17:338][  0]LogConfig: Setting CVar [[r.SkeletalMeshLODBias:0]]
[2023.04.22-11.39.17:338][  0]LogConfig: Setting CVar [[r.ViewDistanceScale:1.0]]
[2023.04.22-11.39.17:338][  0]LogConfig: Applying CVar settings from Section [AntiAliasingQuality@3] File [E:/Asus/Documents/GitHub/TheTroubleMakers/Unreal Engine Project/SpeedLimit_UniAzad/Saved/Config/Windows/Scalability.ini]
[2023.04.22-11.39.17:338][  0]LogConfig: Setting CVar [[r.PostProcessAAQuality:4]]
[2023.04.22-11.39.17:338][  0]LogConfig: Applying CVar settings from Section [ShadowQuality@3] File [E:/Asus/Documents/GitHub/TheTroubleMakers/Unreal Engine Project/SpeedLimit_UniAzad/Saved/Config/Windows/Scalability.ini]
[2023.04.22-11.39.17:338][  0]LogConfig: Setting CVar [[r.LightFunctionQuality:1]]
[2023.04.22-11.39.17:338][  0]LogConfig: Setting CVar [[r.ShadowQuality:5]]
[2023.04.22-11.39.17:338][  0]LogConfig: Setting CVar [[r.Shadow.CSM.MaxCascades:10]]
[2023.04.22-11.39.17:338][  0]LogConfig: Setting CVar [[r.Shadow.MaxResolution:2048]]
[2023.04.22-11.39.17:338][  0]LogConfig: Setting CVar [[r.Shadow.MaxCSMResolution:2048]]
[2023.04.22-11.39.17:338][  0]LogConfig: Setting CVar [[r.Shadow.RadiusThreshold:0.01]]
[2023.04.22-11.39.17:338][  0]LogConfig: Setting CVar [[r.Shadow.DistanceScale:1.0]]
[2023.04.22-11.39.17:338][  0]LogConfig: Setting CVar [[r.Shadow.CSM.TransitionScale:1.0]]
[2023.04.22-11.39.17:338][  0]LogConfig: Setting CVar [[r.Shadow.PreShadowResolutionFactor:1.0]]
[2023.04.22-11.39.17:338][  0]LogConfig: Setting CVar [[r.DistanceFieldShadowing:1]]
[2023.04.22-11.39.17:338][  0]LogConfig: Setting CVar [[r.DistanceFieldAO:1]]
[2023.04.22-11.39.17:338][  0]LogConfig: Setting CVar [[r.AOQuality:2]]
[2023.04.22-11.39.17:338][  0]LogConfig: Setting CVar [[r.VolumetricFog:1]]
[2023.04.22-11.39.17:338][  0]LogConfig: Setting CVar [[r.VolumetricFog.GridPixelSize:8]]
[2023.04.22-11.39.17:338][  0]LogConfig: Setting CVar [[r.VolumetricFog.GridSizeZ:128]]
[2023.04.22-11.39.17:338][  0]LogConfig: Setting CVar [[r.VolumetricFog.HistoryMissSupersampleCount:4]]
[2023.04.22-11.39.17:338][  0]LogConfig: Setting CVar [[r.LightMaxDrawDistanceScale:1]]
[2023.04.22-11.39.17:338][  0]LogConfig: Setting CVar [[r.CapsuleShadows:1]]
[2023.04.22-11.39.17:338][  0]LogConfig: Applying CVar settings from Section [PostProcessQuality@3] File [E:/Asus/Documents/GitHub/TheTroubleMakers/Unreal Engine Project/SpeedLimit_UniAzad/Saved/Config/Windows/Scalability.ini]
[2023.04.22-11.39.17:338][  0]LogConfig: Setting CVar [[r.MotionBlurQuality:4]]
[2023.04.22-11.39.17:338][  0]LogConfig: Setting CVar [[r.AmbientOcclusionMipLevelFactor:0.4]]
[2023.04.22-11.39.17:338][  0]LogConfig: Setting CVar [[r.AmbientOcclusionMaxQuality:100]]
[2023.04.22-11.39.17:338][  0]LogConfig: Setting CVar [[r.AmbientOcclusionLevels:-1]]
[2023.04.22-11.39.17:338][  0]LogConfig: Setting CVar [[r.AmbientOcclusionRadiusScale:1.0]]
[2023.04.22-11.39.17:338][  0]LogConfig: Setting CVar [[r.DepthOfFieldQuality:2]]
[2023.04.22-11.39.17:338][  0]LogConfig: Setting CVar [[r.RenderTargetPoolMin:400]]
[2023.04.22-11.39.17:338][  0]LogConfig: Setting CVar [[r.LensFlareQuality:2]]
[2023.04.22-11.39.17:338][  0]LogConfig: Setting CVar [[r.SceneColorFringeQuality:1]]
[2023.04.22-11.39.17:338][  0]LogConfig: Setting CVar [[r.EyeAdaptationQuality:2]]
[2023.04.22-11.39.17:338][  0]LogConfig: Setting CVar [[r.BloomQuality:5]]
[2023.04.22-11.39.17:338][  0]LogConfig: Setting CVar [[r.FastBlurThreshold:100]]
[2023.04.22-11.39.17:338][  0]LogConfig: Setting CVar [[r.Upscale.Quality:3]]
[2023.04.22-11.39.17:338][  0]LogConfig: Setting CVar [[r.Tonemapper.GrainQuantization:1]]
[2023.04.22-11.39.17:338][  0]LogConfig: Setting CVar [[r.LightShaftQuality:1]]
[2023.04.22-11.39.17:338][  0]LogConfig: Setting CVar [[r.Filter.SizeScale:1]]
[2023.04.22-11.39.17:338][  0]LogConfig: Setting CVar [[r.Tonemapper.Quality:5]]
[2023.04.22-11.39.17:338][  0]LogConfig: Setting CVar [[r.DOF.Gather.AccumulatorQuality:1        ; higher gathering accumulator quality]]
[2023.04.22-11.39.17:338][  0]LogConfig: Setting CVar [[r.DOF.Gather.PostfilterMethod:1          ; Median3x3 postfilering method]]
[2023.04.22-11.39.17:338][  0]LogConfig: Setting CVar [[r.DOF.Gather.EnableBokehSettings:0       ; no bokeh simulation when gathering]]
[2023.04.22-11.39.17:338][  0]LogConfig: Setting CVar [[r.DOF.Gather.RingCount:4                 ; medium number of samples when gathering]]
[2023.04.22-11.39.17:338][  0]LogConfig: Setting CVar [[r.DOF.Scatter.ForegroundCompositing:1    ; additive foreground scattering]]
[2023.04.22-11.39.17:338][  0]LogConfig: Setting CVar [[r.DOF.Scatter.BackgroundCompositing:2    ; additive background scattering]]
[2023.04.22-11.39.17:338][  0]LogConfig: Setting CVar [[r.DOF.Scatter.EnableBokehSettings:1      ; bokeh simulation when scattering]]
[2023.04.22-11.39.17:338][  0]LogConfig: Setting CVar [[r.DOF.Scatter.MaxSpriteRatio:0.1         ; only a maximum of 10% of scattered bokeh]]
[2023.04.22-11.39.17:338][  0]LogConfig: Setting CVar [[r.DOF.Recombine.Quality:1                ; cheap slight out of focus]]
[2023.04.22-11.39.17:338][  0]LogConfig: Setting CVar [[r.DOF.Recombine.EnableBokehSettings:0    ; no bokeh simulation on slight out of focus]]
[2023.04.22-11.39.17:339][  0]LogConfig: Setting CVar [[r.DOF.TemporalAAQuality:1                ; more stable temporal accumulation]]
[2023.04.22-11.39.17:339][  0]LogConfig: Setting CVar [[r.DOF.Kernel.MaxForegroundRadius:0.025]]
[2023.04.22-11.39.17:339][  0]LogConfig: Setting CVar [[r.DOF.Kernel.MaxBackgroundRadius:0.025]]
[2023.04.22-11.39.17:339][  0]LogConfig: Applying CVar settings from Section [TextureQuality@3] File [E:/Asus/Documents/GitHub/TheTroubleMakers/Unreal Engine Project/SpeedLimit_UniAzad/Saved/Config/Windows/Scalability.ini]
[2023.04.22-11.39.17:339][  0]LogConfig: Setting CVar [[r.Streaming.MipBias:0]]
[2023.04.22-11.39.17:339][  0]LogConfig: Setting CVar [[r.Streaming.AmortizeCPUToGPUCopy:0]]
[2023.04.22-11.39.17:339][  0]LogConfig: Setting CVar [[r.Streaming.MaxNumTexturesToStreamPerFrame:0]]
[2023.04.22-11.39.17:339][  0]LogConfig: Setting CVar [[r.Streaming.Boost:1]]
[2023.04.22-11.39.17:339][  0]LogConfig: Setting CVar [[r.MaxAnisotropy:8]]
[2023.04.22-11.39.17:339][  0]LogConfig: Setting CVar [[r.VT.MaxAnisotropy:8]]
[2023.04.22-11.39.17:339][  0]LogConfig: Setting CVar [[r.Streaming.LimitPoolSizeToVRAM:0]]
[2023.04.22-11.39.17:339][  0]LogConfig: Setting CVar [[r.Streaming.PoolSize:1000]]
[2023.04.22-11.39.17:339][  0]LogConfig: Setting CVar [[r.Streaming.MaxEffectiveScreenSize:0]]
[2023.04.22-11.39.17:339][  0]LogConfig: Applying CVar settings from Section [EffectsQuality@3] File [E:/Asus/Documents/GitHub/TheTroubleMakers/Unreal Engine Project/SpeedLimit_UniAzad/Saved/Config/Windows/Scalability.ini]
[2023.04.22-11.39.17:339][  0]LogConfig: Setting CVar [[r.TranslucencyLightingVolumeDim:64]]
[2023.04.22-11.39.17:339][  0]LogConfig: Setting CVar [[r.RefractionQuality:2]]
[2023.04.22-11.39.17:339][  0]LogConfig: Setting CVar [[r.SSR.Quality:3]]
[2023.04.22-11.39.17:339][  0]LogConfig: Setting CVar [[r.SSR.HalfResSceneColor:0]]
[2023.04.22-11.39.17:339][  0]LogConfig: Setting CVar [[r.SceneColorFormat:4]]
[2023.04.22-11.39.17:339][  0]LogConfig: Setting CVar [[r.DetailMode:2]]
[2023.04.22-11.39.17:339][  0]LogConfig: Setting CVar [[r.TranslucencyVolumeBlur:1]]
[2023.04.22-11.39.17:339][  0]LogConfig: Setting CVar [[r.MaterialQualityLevel:1 ; High quality]]
[2023.04.22-11.39.17:339][  0]LogConfig: Setting CVar [[r.AnisotropicMaterials:1]]
[2023.04.22-11.39.17:339][  0]LogConfig: Setting CVar [[r.SSS.Scale:1]]
[2023.04.22-11.39.17:339][  0]LogConfig: Setting CVar [[r.SSS.SampleSet:2]]
[2023.04.22-11.39.17:339][  0]LogConfig: Setting CVar [[r.SSS.Quality:1]]
[2023.04.22-11.39.17:339][  0]LogConfig: Setting CVar [[r.SSS.HalfRes:0]]
[2023.04.22-11.39.17:339][  0]LogConfig: Setting CVar [[r.SSGI.Quality:3]]
[2023.04.22-11.39.17:339][  0]LogConfig: Setting CVar [[r.EmitterSpawnRateScale:1.0]]
[2023.04.22-11.39.17:339][  0]LogConfig: Setting CVar [[r.ParticleLightQuality:2]]
[2023.04.22-11.39.17:339][  0]LogConfig: Setting CVar [[r.SkyAtmosphere.AerialPerspectiveLUT.FastApplyOnOpaque:1 ; Always have FastSkyLUT 1 in this case to avoid wrong sky]]
[2023.04.22-11.39.17:339][  0]LogConfig: Setting CVar [[r.SkyAtmosphere.AerialPerspectiveLUT.SampleCountMaxPerSlice:4]]
[2023.04.22-11.39.17:339][  0]LogConfig: Setting CVar [[r.SkyAtmosphere.AerialPerspectiveLUT.DepthResolution:16.0]]
[2023.04.22-11.39.17:339][  0]LogConfig: Setting CVar [[r.SkyAtmosphere.FastSkyLUT:1]]
[2023.04.22-11.39.17:339][  0]LogConfig: Setting CVar [[r.SkyAtmosphere.FastSkyLUT.SampleCountMin:4.0]]
[2023.04.22-11.39.17:339][  0]LogConfig: Setting CVar [[r.SkyAtmosphere.FastSkyLUT.SampleCountMax:128.0]]
[2023.04.22-11.39.17:339][  0]LogConfig: Setting CVar [[r.SkyAtmosphere.SampleCountMin:4.0]]
[2023.04.22-11.39.17:339][  0]LogConfig: Setting CVar [[r.SkyAtmosphere.SampleCountMax:128.0]]
[2023.04.22-11.39.17:339][  0]LogConfig: Setting CVar [[r.SkyAtmosphere.TransmittanceLUT.UseSmallFormat:0]]
[2023.04.22-11.39.17:339][  0]LogConfig: Setting CVar [[r.SkyAtmosphere.TransmittanceLUT.SampleCount:10.0]]
[2023.04.22-11.39.17:339][  0]LogConfig: Setting CVar [[r.SkyAtmosphere.MultiScatteringLUT.SampleCount:15.0]]
[2023.04.22-11.39.17:339][  0]LogConfig: Setting CVar [[r.SkyLight.RealTimeReflectionCapture:1]]
[2023.04.22-11.39.17:339][  0]LogConfig: Applying CVar settings from Section [FoliageQuality@3] File [E:/Asus/Documents/GitHub/TheTroubleMakers/Unreal Engine Project/SpeedLimit_UniAzad/Saved/Config/Windows/Scalability.ini]
[2023.04.22-11.39.17:339][  0]LogConfig: Setting CVar [[foliage.DensityScale:1.0]]
[2023.04.22-11.39.17:339][  0]LogConfig: Setting CVar [[grass.DensityScale:1.0]]
[2023.04.22-11.39.17:339][  0]LogConfig: Applying CVar settings from Section [ShadingQuality@3] File [E:/Asus/Documents/GitHub/TheTroubleMakers/Unreal Engine Project/SpeedLimit_UniAzad/Saved/Config/Windows/Scalability.ini]
[2023.04.22-11.39.17:339][  0]LogConfig: Setting CVar [[r.HairStrands.SkyLighting.IntegrationType:2]]
[2023.04.22-11.39.17:339][  0]LogConfig: Setting CVar [[r.HairStrands.SkyAO.SampleCount:4]]
[2023.04.22-11.39.17:339][  0]LogConfig: Setting CVar [[r.HairStrands.Visibility.MSAA.SamplePerPixel:4]]
[2023.04.22-11.39.17:339][  0]LogConfig: Applying CVar settings from Section [Startup] File [../../../Engine/Config/ConsoleVariables.ini]
[2023.04.22-11.39.17:339][  0]LogConfig: Setting CVar [[net.UseAdaptiveNetUpdateFrequency:0]]
[2023.04.22-11.39.17:339][  0]LogConfig: Setting CVar [[p.chaos.AllowCreatePhysxBodies:1]]
[2023.04.22-11.39.17:339][  0]LogConfig: Setting CVar [[fx.SkipVectorVMBackendOptimizations:1]]
[2023.04.22-11.39.17:339][  0]LogConfig: Applying CVar settings from Section [ConsoleVariables] File [E:/Asus/Documents/GitHub/TheTroubleMakers/Unreal Engine Project/SpeedLimit_UniAzad/Saved/Config/Windows/Engine.ini]
[2023.04.22-11.39.17:339][  0]LogConfig: Applying CVar settings from Section [ConsoleVariables] File [E:/Asus/Documents/GitHub/TheTroubleMakers/Unreal Engine Project/SpeedLimit_UniAzad/Saved/Config/Windows/Editor.ini]
[2023.04.22-11.39.17:339][  0]LogInit: Computer: LAPTOP-ENHDEN5K
[2023.04.22-11.39.17:339][  0]LogInit: User: Asus
[2023.04.22-11.39.17:339][  0]LogInit: CPU Page size=4096, Cores=4
[2023.04.22-11.39.17:339][  0]LogInit: High frequency timer resolution =10.000000 MHz
[2023.04.22-11.39.17:339][  0]LogMemory: Memory total: Physical=15.7GB (16GB approx)
[2023.04.22-11.39.17:339][  0]LogMemory: Platform Memory Stats for Windows
[2023.04.22-11.39.17:339][  0]LogMemory: Process Physical Memory: 141.45 MB used, 141.45 MB peak
[2023.04.22-11.39.17:339][  0]LogMemory: Process Virtual Memory: 135.20 MB used, 135.20 MB peak
[2023.04.22-11.39.17:339][  0]LogMemory: Physical Memory: 10003.02 MB used,  6072.39 MB free, 16075.41 MB total
[2023.04.22-11.39.17:339][  0]LogMemory: Virtual Memory: 134213224.00 MB used,  4503.66 MB free, 134217728.00 MB total
[2023.04.22-11.39.17:345][  0]LogWindows: WindowsPlatformFeatures enabled
[2023.04.22-11.39.17:370][  0]LogInit: Physics initialised using underlying interface: PhysX
[2023.04.22-11.39.17:371][  0]LogInit: Using OS detected language (en-US).
[2023.04.22-11.39.17:371][  0]LogInit: Using OS detected locale (en-US).
[2023.04.22-11.39.17:372][  0]LogTextLocalizationManager: No specific localization for 'en-US' exists, so the 'en' localization will be used.
[2023.04.22-11.39.17:503][  0]LogInit: Setting process to per monitor DPI aware
[2023.04.22-11.39.17:512][  0]LogWindowsTextInputMethodSystem: Display: IME system deactivated.
[2023.04.22-11.39.17:522][  0]LogSlate: New Slate User Created.  User Index 0, Is Virtual User: 0
[2023.04.22-11.39.17:522][  0]LogSlate: Slate User Registered.  User Index 0, Is Virtual User: 0
[2023.04.22-11.39.17:589][  0]LogD3D11RHI: Loaded GFSDK_Aftermath_Lib.x64.dll
[2023.04.22-11.39.17:618][  0]LogHMD: Failed to initialize OpenVR with code 110
[2023.04.22-11.39.17:618][  0]LogD3D11RHI: D3D11 min allowed feature level: 11_0
[2023.04.22-11.39.17:618][  0]LogD3D11RHI: D3D11 max allowed feature level: 11_0
[2023.04.22-11.39.17:618][  0]LogD3D11RHI: D3D11 adapters:
[2023.04.22-11.39.17:717][  0]LogD3D11RHI:    0. 'NVIDIA GeForce MX450' (Feature Level 11_0)
[2023.04.22-11.39.17:717][  0]LogD3D11RHI:       1920/0/8037 MB DedicatedVideo/DedicatedSystem/SharedSystem, Outputs:2, VendorId:0x10de
[2023.04.22-11.39.17:740][  0]LogD3D11RHI:    1. 'Intel(R) Iris(R) Xe Graphics' (Feature Level 11_0)
[2023.04.22-11.39.17:740][  0]LogD3D11RHI:       128/0/8037 MB DedicatedVideo/DedicatedSystem/SharedSystem, Outputs:0, VendorId:0x8086
[2023.04.22-11.39.17:741][  0]LogD3D11RHI:    2. 'Microsoft Basic Render Driver' (Feature Level 11_0)
[2023.04.22-11.39.17:741][  0]LogD3D11RHI:       0/0/8037 MB DedicatedVideo/DedicatedSystem/SharedSystem, Outputs:0, VendorId:0x1414
[2023.04.22-11.39.17:741][  0]LogD3D11RHI: Chosen D3D11 Adapter: 0
[2023.04.22-11.39.17:746][  0]LogD3D11RHI: Creating new Direct3DDevice
[2023.04.22-11.39.17:746][  0]LogD3D11RHI:     GPU DeviceId: 0x1f97 (for the marketing name, search the web for "GPU Device Id")
[2023.04.22-11.39.17:746][  0]LogWindows: EnumDisplayDevices:
[2023.04.22-11.39.17:746][  0]LogWindows:    0. 'Intel(R) Iris(R) Xe Graphics' (P:1 D:1)
[2023.04.22-11.39.17:746][  0]LogWindows:    1. 'Intel(R) Iris(R) Xe Graphics' (P:0 D:1)
[2023.04.22-11.39.17:746][  0]LogWindows:    2. 'Intel(R) Iris(R) Xe Graphics' (P:0 D:0)
[2023.04.22-11.39.17:747][  0]LogWindows:    3. 'Intel(R) Iris(R) Xe Graphics' (P:0 D:0)
[2023.04.22-11.39.17:747][  0]LogWindows: DebugString: PrimaryIsNotTheChoosenAdapter PrimaryIsNotTheChoosenAdapter PrimaryIsNotTheChoosenAdapter PrimaryIsNotTheChoosenAdapter FoundDriverCount:0 
[2023.04.22-11.39.17:747][  0]LogD3D11RHI:     Adapter Name: NVIDIA GeForce MX450
[2023.04.22-11.39.17:747][  0]LogD3D11RHI:   Driver Version: Unknown (internal:Unknown, unified:Unknown)
[2023.04.22-11.39.17:747][  0]LogD3D11RHI:      Driver Date: Unknown
[2023.04.22-11.39.17:747][  0]LogRHI: Texture pool is 1344 MB (70% of 1920 MB)
[2023.04.22-11.39.17:800][  0]LogD3D11RHI: RHI has support for 64 bit atomics
[2023.04.22-11.39.17:800][  0]LogD3D11RHI: Async texture creation enabled
[2023.04.22-11.39.17:800][  0]LogD3D11RHI: Array index from any shader is supported
[2023.04.22-11.39.17:818][  0]LogD3D11RHI: GPU Timing Frequency: 1000.000000 (Debug: 2 2)
[2023.04.22-11.39.17:834][  0]LogRHI: GeForceNow SDK initialized: 1
[2023.04.22-11.39.18:051][  0]LogTargetPlatformManager: Display: Loaded TargetPlatform 'AllDesktop'
[2023.04.22-11.39.18:065][  0]LogTargetPlatformManager: Display: Loaded TargetPlatform 'Android'
[2023.04.22-11.39.18:065][  0]LogTargetPlatformManager: Display: Loaded TargetPlatform 'Android_ASTC'
[2023.04.22-11.39.18:065][  0]LogTargetPlatformManager: Display: Loaded TargetPlatform 'Android_DXT'
[2023.04.22-11.39.18:065][  0]LogTargetPlatformManager: Display: Loaded TargetPlatform 'Android_ETC2'
[2023.04.22-11.39.18:065][  0]LogTargetPlatformManager: Display: Loaded TargetPlatform 'AndroidClient'
[2023.04.22-11.39.18:065][  0]LogTargetPlatformManager: Display: Loaded TargetPlatform 'Android_ASTCClient'
[2023.04.22-11.39.18:065][  0]LogTargetPlatformManager: Display: Loaded TargetPlatform 'Android_DXTClient'
[2023.04.22-11.39.18:066][  0]LogTargetPlatformManager: Display: Loaded TargetPlatform 'Android_ETC2Client'
[2023.04.22-11.39.18:066][  0]LogTargetPlatformManager: Display: Loaded TargetPlatform 'Android_Multi'
[2023.04.22-11.39.18:066][  0]LogTargetPlatformManager: Display: Loaded TargetPlatform 'Android_MultiClient'
[2023.04.22-11.39.18:078][  0]LogTargetPlatformManager: Display: Loaded TargetPlatform 'IOSClient'
[2023.04.22-11.39.18:078][  0]LogTargetPlatformManager: Display: Loaded TargetPlatform 'IOS'
[2023.04.22-11.39.18:084][  0]LogTargetPlatformManager: Display: Loaded TargetPlatform 'Linux'
[2023.04.22-11.39.18:087][  0]LogTargetPlatformManager: Display: Loaded TargetPlatform 'LinuxNoEditor'
[2023.04.22-11.39.18:090][  0]LogTargetPlatformManager: Display: Loaded TargetPlatform 'LinuxClient'
[2023.04.22-11.39.18:093][  0]LogTargetPlatformManager: Display: Loaded TargetPlatform 'LinuxServer'
[2023.04.22-11.39.18:097][  0]LogTargetPlatformManager: Display: Loaded TargetPlatform 'LinuxAArch64NoEditor'
[2023.04.22-11.39.18:100][  0]LogTargetPlatformManager: Display: Loaded TargetPlatform 'LinuxAArch64Client'
[2023.04.22-11.39.18:103][  0]LogTargetPlatformManager: Display: Loaded TargetPlatform 'LinuxAArch64Server'
[2023.04.22-11.39.18:118][  0]LogTargetPlatformManager: Display: Loaded TargetPlatform 'Lumin'
[2023.04.22-11.39.18:118][  0]LogTargetPlatformManager: Display: Loaded TargetPlatform 'LuminClient'
[2023.04.22-11.39.18:124][  0]LogTargetPlatformManager: Display: Loaded TargetPlatform 'MacNoEditor'
[2023.04.22-11.39.18:127][  0]LogTargetPlatformManager: Display: Loaded TargetPlatform 'Mac'
[2023.04.22-11.39.18:129][  0]LogTargetPlatformManager: Display: Loaded TargetPlatform 'MacClient'
[2023.04.22-11.39.18:132][  0]LogTargetPlatformManager: Display: Loaded TargetPlatform 'MacServer'
[2023.04.22-11.39.18:138][  0]LogTargetPlatformManager: Display: Loaded TargetPlatform 'TVOSClient'
[2023.04.22-11.39.18:138][  0]LogTargetPlatformManager: Display: Loaded TargetPlatform 'TVOS'
[2023.04.22-11.39.18:143][  0]LogTargetPlatformManager: Display: Loaded TargetPlatform 'WindowsNoEditor'
[2023.04.22-11.39.18:147][  0]LogTargetPlatformManager: Display: Loaded TargetPlatform 'Windows'
[2023.04.22-11.39.18:150][  0]LogTargetPlatformManager: Display: Loaded TargetPlatform 'WindowsClient'
[2023.04.22-11.39.18:153][  0]LogTargetPlatformManager: Display: Loaded TargetPlatform 'WindowsServer'
[2023.04.22-11.39.18:153][  0]LogTargetPlatformManager: Display: Building Assets For Windows
[2023.04.22-11.39.18:157][  0]LogAudioDebug: Display: Lib vorbis DLL was dynamically loaded.
[2023.04.22-11.39.18:174][  0]LogTextureFormatOodle: Display: Oodle Texture 2.9.0 init RDO Off
[2023.04.22-11.39.18:194][  0]LogRendererCore: Ray tracing is disabled. Reason: r.RayTracing=0.
[2023.04.22-11.39.18:194][  0]LogShaderCompilers: Guid format shader working directory is -53 characters bigger than the processId version (../../../../../../Asus/Documents/GitHub/TheTroubleMakers/Unreal Engine Project/SpeedLimit_UniAzad/Intermediate/Shaders/WorkingDirectory/19360/).
[2023.04.22-11.39.18:194][  0]LogShaderCompilers: Cleaned the shader compiler working directory 'C:/Users/Asus/AppData/Local/Temp/UnrealShaderWorkingDir/516FB0D541732FDAAC391192ED90177D/'.
[2023.04.22-11.39.18:194][  0]LogXGEController: Cannot use XGE Controller as Incredibuild is not installed on this machine.
[2023.04.22-11.39.18:195][  0]LogShaderCompilers: Cannot use XGE Shader Compiler as Incredibuild is not installed on this machine.
[2023.04.22-11.39.18:195][  0]LogShaderCompilers: Display: Using Local Shader Compiler.
[2023.04.22-11.39.18:754][  0]LogDerivedDataCache: Display: Max Cache Size: 512 MB
[2023.04.22-11.39.18:799][  0]LogDerivedDataCache: Loaded boot cache 0.04s 95MB C:/Users/Asus/AppData/Local/UnrealEngine/4.27/DerivedDataCache/Boot.ddc.
[2023.04.22-11.39.18:799][  0]LogDerivedDataCache: Display: Loaded Boot cache: C:/Users/Asus/AppData/Local/UnrealEngine/4.27/DerivedDataCache/Boot.ddc
[2023.04.22-11.39.18:799][  0]LogDerivedDataCache: FDerivedDataBackendGraph:  Pak pak cache file ../../../../../../Asus/Documents/GitHub/TheTroubleMakers/Unreal Engine Project/SpeedLimit_UniAzad/DerivedDataCache/DDC.ddp not found, will not use a pak cache.
[2023.04.22-11.39.18:799][  0]LogDerivedDataCache: Unable to find inner node Pak for hierarchical cache Hierarchy.
[2023.04.22-11.39.18:799][  0]LogDerivedDataCache: FDerivedDataBackendGraph:  CompressedPak pak cache file ../../../../../../Asus/Documents/GitHub/TheTroubleMakers/Unreal Engine Project/SpeedLimit_UniAzad/DerivedDataCache/Compressed.ddp not found, will not use a pak cache.
[2023.04.22-11.39.18:799][  0]LogDerivedDataCache: Unable to find inner node CompressedPak for hierarchical cache Hierarchy.
[2023.04.22-11.39.18:811][  0]LogDerivedDataCache: Display: Pak cache opened for reading ../../../Engine/DerivedDataCache/Compressed.ddp.
[2023.04.22-11.39.18:811][  0]LogDerivedDataCache: FDerivedDataBackendGraph:  EnterprisePak pak cache file ../../../Enterprise/DerivedDataCache/Compressed.ddp not found, will not use a pak cache.
[2023.04.22-11.39.18:811][  0]LogDerivedDataCache: Unable to find inner node EnterprisePak for hierarchical cache Hierarchy.
[2023.04.22-11.39.18:817][  0]LogDerivedDataCache: Speed tests for C:/Users/Asus/AppData/Local/UnrealEngine/Common/DerivedDataCache took 0.01 seconds
[2023.04.22-11.39.18:817][  0]LogDerivedDataCache: Display: Performance to C:/Users/Asus/AppData/Local/UnrealEngine/Common/DerivedDataCache: Latency=0.02ms. RandomReadSpeed=1440.93MBs, RandomWriteSpeed=177.14MBs. Assigned SpeedClass 'Local'
[2023.04.22-11.39.18:818][  0]LogDerivedDataCache: Using Local data cache path C:/Users/Asus/AppData/Local/UnrealEngine/Common/DerivedDataCache: Writable
[2023.04.22-11.39.18:819][  0]LogDerivedDataCache: Shared data cache path not found in *engine.ini, will not use an Shared cache.
[2023.04.22-11.39.18:819][  0]LogDerivedDataCache: Unable to find inner node Shared for hierarchical cache Hierarchy.
[2023.04.22-11.39.18:857][  0]LogSlate: Using FreeType 2.10.0
[2023.04.22-11.39.18:857][  0]LogSlate: SlateFontServices - WITH_FREETYPE: 1, WITH_HARFBUZZ: 1
[2023.04.22-11.39.18:876][  0]LogAssetRegistry: FAssetRegistry took 0.0022 seconds to start up
[2023.04.22-11.39.19:057][  0]LogInit: Selected Device Profile: [Windows]
[2023.04.22-11.39.19:057][  0]LogInit: Active device profile: [00000153E16D1300][00000153DA76CA40 49] Windows
[2023.04.22-11.39.19:058][  0]LogInit: Profiles: [00000153E16D1300][00000153DA76CA40 49] Windows, [00000153E168EB00][00000153DA770CC0 49] WindowsNoEditor, [00000153E16D2400][00000153DA788F40 49] WindowsServer, [00000153E168FA00][00000153E0763200 49] WindowsClient, [00000153E16D3300][00000153E1CCB4C0 49] IOS, [00000153E168D200][00000153E1CFB780 49] iPadAir, [00000153E16D3E00][00000153E1D2FA40 49] iPadAir2, [00000153E15E2100][00000153E08C8400 49] IPadPro, [00000153E15E2200][00000153E08B8440 49] iPadAir3, [00000153E168FE00][00000153E08C0700 49] iPadAir4, [00000153E15E3100][00000153E08BC9C0 49] iPadMini2, [00000153E168EE00][00000153E08C4C80 49] iPadMini3, [00000153E15E3E00][00000153E075EF00 49] iPadMini4, [00000153E168DF00][00000153E0927180 49] iPadMini5, [00000153E1609A00][00000153D89B16C0 49] iPhone6, [00000153E1609B00][00000153D89A1700 49] iPodTouch6, [00000153E16D2E00][00000153D89B40C0 49] iPhone7, [00000153E16D3100][00000153D89A8100 49] iPodTouch7, [00000153E15E1C00][00000153D89AC3C0 49] iPhone5S, [00000153E16D1200][00000153D89A4680 49] iPhone6Plus, [00000153E15E1800][00000153DACE8940 49] iPhone6S, [00000153E16D0400][00000153D89B8C00 49] iPhone6SPlus, [00000153E15E0E00][00000153DE23EEC0 49] iPhone7Plus, [00000153E16D3000][00000153E092B140 49] iPhoneSE, [00000153E15E0A00][00000153DE2433C0 49] iPhone8, [00000153E16D0800][00000153DA70D680 49] iPhone8Plus, [00000153E16D1D00][00000153E1941940 49] iPhoneX, [00000153E1608800][00000153E1945C00 49] iPhoneXS, [00000153E16D2D00][00000153E197C340 49] iPhoneXSMax, [00000153E1608F00][00000153E0884600 49] iPhoneXR, [00000153E16D1A00][00000153E08888C0 49] iPhone11, [00000153E1609300][00000153E088CB80 49] iPhone11Pro, [00000153E1608400][00000153E0890E40 49] iPhone11ProMax, [00000153E15E3200][00000153E0895100 49] iPhoneSE2, [00000153E160A300][00000153DA709380 49] iPhone12Mini, [00000153E15E1400][00000153E19F5640 49] iPhone12, [00000153E160AD00][00000153E19F9900 49] iPhone12Pro, [00000153E15E3700][00000153E19FDBC0 49] iPhone12ProMax, [00000153E160AE00][00000153E0898300 49] iPadPro105, [00000153E15E2400][00000153E089C5C0 49] iPadPro129, [00000153E160AF00][00000153E08F0880 49] iPadPro97, [00000153E15E3800][00000153E08FCB40 49] iPadPro2_129, [00000153E16D1600][00000153E0900E00 49] iPad5, [00000153E15E1B00][00000153DA6B10C0 49] iPad6, [00000153E16D3700][00000153E19F1340 49] iPad7, [00000153E15E0100][00000153DA6B55C0 49] iPad8, [00000153E16D1E00][00000153DA6BD880 49] iPadPro11, [00000153E15E2F00][00000153D896FB40 49] iPadPro2_11, [00000153E16D3A00][00000153D8972280 49] iPadPro3_129, [00000153E15E2B00][00000153D897A540 49] iPadPro4_129, [00000153E16D2900][00000153D897E800 49] AppleTV, [00000153E15E0200][00000153D8982AC0 49] AppleTV4K, [00000153E16D2500][00000153D8986D80 49] TVOS, [00000153E15E1900][00000153D898B040 49] Mac, [00000153E16D0E00][00000153D898F300 49] MacClient, [00000153E15E0800][00000153DA6B9580 49] MacNoEditor, [00000153E16D1800][00000153DA6C1800 49] MacServer, [00000153E15E1E00][00000153DACC3AC0 49] Linux, [00000153E16D1000][00000153DACC6200 49] LinuxAArch64, [00000153E15E0300][00000153DACCA4C0 49] LinuxNoEditor, [00000153E16D0600][00000153DACCE780 49] LinuxAArch64NoEditor, [00000153E15E3F00][00000153DACD2A40 49] LinuxClient, [00000153E16D0100][00000153DACD6D00 49] LinuxAArch64Client, [00000153E15E0600][00000153DACDAFC0 49] LinuxServer, [00000153E16D1500][00000153D89BD280 49] LinuxAArch64Server, [00000153E15E2D00][00000153E0767540 49] Android, [00000153E16D0D00][00000153D89777C0 49] Android_Low, [00000153E15E1600][00000153E1CCFA40 49] Android_Mid, [00000153E16D3400][00000153DACE2180 49] Android_High, [00000153E15E0B00][00000153E2200440 49] Android_Default, [00000153E16D1F00][00000153E2204700 49] Android_Adreno4xx, [00000153E15E1500][00000153E22089C0 49] Android_Adreno5xx_Low, [00000153E16D3500][00000153E220CC80 49] Android_Adreno5xx, [00000153E15E0700][00000153E2210F40 49] Android_Adreno6xx, [00000153E16D1C00][00000153E2215200 49] Android_Adreno6xx_Vulkan, [00000153E15E2800][00000153E22194C0 49] Android_Mali_T6xx, [00000153E16D2300][00000153E221D780 49] Android_Mali_T7xx, [00000153E15E1700][00000153DACDFA00 49] Android_Mali_T8xx, [00000153E16D2800][00000153E2220100 49] Android_Mali_G71, [00000153E15E3400][00000153E22283C0 49] Android_Mali_G72, [00000153E16D0700][00000153E222C680 49] Android_Mali_G72_Vulkan, [00000153E15E2700][00000153E2230940 49] Android_Mali_G76, [00000153E160B900][00000153E2234C00 49] Android_Mali_G76_Vulkan, [00000153E168C900][00000153E2238EC0 49] Android_Mali_G77, [00000153E160B200][00000153DAC53180 49] Android_Mali_G77_Vulkan, [00000153E168CD00][00000153DAC57440 49] Android_Mali_G78, [00000153E1608C00][00000153DAC5B700 49] Android_Mali_G78_Vulkan, [00000153E168CB00][00000153DAC5F9C0 49] Android_Mali_G710, [00000153E1608500][00000153E22240C0 49] Android_Mali_G710_Vulkan, [00000153E168FC00][00000153DAC62340 49] Android_Vulkan_SM5, [00000153E1608200][00000153DAC6A600 49] Android_PowerVR_G6xxx, [00000153E168F600][00000153DAC6E8C0 49] Android_PowerVR_GT7xxx, [00000153E160B700][00000153DAC72B80 49] Android_PowerVR_GE8xxx, [00000153E168C200][00000153DAC76E40 49] Android_PowerVR_GM9xxx, [00000153E160A200][00000153DAC7B100 49] Android_PowerVR_GM9xxx_Vulkan, [00000153E168E400][00000153DAC7F3C0 49] Android_TegraK1, [00000153E1608E00][00000153DAC83680 49] Android_Unknown_Vulkan, [00000153E168D600][00000153DAC87940 49] Lumin, [00000153E1609100][00000153DAC8BC00 49] Lumin_Desktop, [00000153E168E700][00000153DAC66300 49] HoloLens, 
[2023.04.22-11.39.19:153][  0]LogMeshReduction: Using QuadricMeshReduction for automatic static mesh reduction
[2023.04.22-11.39.19:153][  0]LogMeshReduction: Using SimplygonMeshReduction for automatic skeletal mesh reduction
[2023.04.22-11.39.19:153][  0]LogMeshReduction: Using ProxyLODMeshReduction for automatic mesh merging
[2023.04.22-11.39.19:153][  0]LogMeshReduction: No distributed automatic mesh merging module available
[2023.04.22-11.39.19:153][  0]LogMeshMerging: No distributed automatic mesh merging module available
[2023.04.22-11.39.19:163][  0]LogNetVersion: SpeedLimit_UniAzad 1.0.0, NetCL: 17155196, EngineNetVer: 17, GameNetVer: 0 (Checksum: 2338214234)
[2023.04.22-11.39.19:435][  0]LogTexture: Default maximum texture size for cubemaps generated from long-lat sources has been changed from 512 to unlimited. In order to preserve old behaiour for '/Engine/MapTemplates/Sky/DaylightAmbientCubemap.DaylightAmbientCubemap', its maximum texture size has been explicitly set to 512.
[2023.04.22-11.39.19:476][  0]LogHMD: PokeAHoleMaterial loaded successfully
[2023.04.22-11.39.19:481][  0]LogUObjectArray: 17178 objects as part of root set at end of initial load.
[2023.04.22-11.39.19:481][  0]LogUObjectAllocator: 4301856 out of 0 bytes used by permanent object pool.
[2023.04.22-11.39.19:481][  0]LogUObjectArray: CloseDisregardForGC: 0/0 objects in disregard for GC pool
[2023.04.22-11.39.19:646][  0]LogPython: Using Python 3.7.7
[2023.04.22-11.39.20:070][  0]LogTcpMessaging: Initializing TcpMessaging bridge
[2023.04.22-11.39.20:074][  0]LogUdpMessaging: Initializing bridge on interface 0.0.0.0:0 to multicast group 230.0.0.1:6666.
[2023.04.22-11.39.20:126][  0]LogNiagaraDebuggerClient: Niagara Debugger Client Initialized | Session: C5D13B524964E7C475065782D25B99BE | Instance: 8215CFA3473080CCEDC90E9CF616B6B5 (LAPTOP-ENHDEN5K-19360).
[2023.04.22-11.39.20:231][  0]LogStreaming: Warning: Failed to read file '../../../Engine/Content/Editor/Slate/Niagara/MenuSeparator.png' error.
[2023.04.22-11.39.20:231][  0]LogSlate: Could not find file for Slate resource: ../../../Engine/Content/Editor/Slate/Niagara/MenuSeparator.png
[2023.04.22-11.39.20:231][  0]LogStreaming: Warning: Failed to read file '../../../Engine/Content/Editor/Slate/Niagara/Common/Selector.png' error.
[2023.04.22-11.39.20:231][  0]LogSlate: Could not find file for Slate resource: ../../../Engine/Content/Editor/Slate/Niagara/Common/Selector.png
[2023.04.22-11.39.20:231][  0]LogStreaming: Warning: Failed to read file '../../../Engine/Content/Editor/Slate/Niagara/Common/Selection.png' error.
[2023.04.22-11.39.20:231][  0]LogSlate: Could not find file for Slate resource: ../../../Engine/Content/Editor/Slate/Niagara/Common/Selection.png
[2023.04.22-11.39.20:231][  0]LogStreaming: Warning: Failed to read file '../../../Engine/Content/Editor/Slate/Niagara/Common/DropZoneIndicator_Above.png' error.
[2023.04.22-11.39.20:231][  0]LogSlate: Could not find file for Slate resource: ../../../Engine/Content/Editor/Slate/Niagara/Common/DropZoneIndicator_Above.png
[2023.04.22-11.39.20:231][  0]LogStreaming: Warning: Failed to read file '../../../Engine/Content/Editor/Slate/Niagara/Common/DropZoneIndicator_Onto.png' error.
[2023.04.22-11.39.20:231][  0]LogSlate: Could not find file for Slate resource: ../../../Engine/Content/Editor/Slate/Niagara/Common/DropZoneIndicator_Onto.png
[2023.04.22-11.39.20:231][  0]LogStreaming: Warning: Failed to read file '../../../Engine/Content/Editor/Slate/Niagara/Common/DropZoneIndicator_Below.png' error.
[2023.04.22-11.39.20:231][  0]LogSlate: Could not find file for Slate resource: ../../../Engine/Content/Editor/Slate/Niagara/Common/DropZoneIndicator_Below.png
[2023.04.22-11.39.20:231][  0]LogStreaming: Warning: Failed to read file '../../../Engine/Content/Editor/Slate/Niagara/Common/RoundedSelection_16x.png' error.
[2023.04.22-11.39.20:231][  0]LogSlate: Could not find file for Slate resource: ../../../Engine/Content/Editor/Slate/Niagara/Common/RoundedSelection_16x.png
[2023.04.22-11.39.20:231][  0]LogStreaming: Warning: Failed to read file '../../../Engine/Content/Editor/Slate/Niagara/Common/FlatButton.png' error.
[2023.04.22-11.39.20:231][  0]LogSlate: Could not find file for Slate resource: ../../../Engine/Content/Editor/Slate/Niagara/Common/FlatButton.png
[2023.04.22-11.39.20:231][  0]LogImageWrapper: Warning: PNG Warning: Duplicate iCCP chunk
[2023.04.22-11.39.20:231][  0]LogImageWrapper: Warning: PNG Warning: Duplicate iCCP chunk
[2023.04.22-11.39.20:231][  0]SourceControl: Source control is disabled
[2023.04.22-11.39.20:231][  0]SourceControl: Source control is disabled
[2023.04.22-11.39.20:235][  0]SourceControl: Source control is disabled
[2023.04.22-11.39.20:236][  0]SourceControl: Source control is disabled
[2023.04.22-11.39.20:242][  0]SourceControl: Source control is disabled
[2023.04.22-11.39.20:266][  0]LogUProjectInfo: Found projects:
[2023.04.22-11.39.20:335][  0]LogOpenImageDenoise: OIDN starting up
[2023.04.22-11.39.20:370][  0]LogAndroidPermission: UAndroidPermissionCallbackProxy::GetInstance
[2023.04.22-11.39.20:385][  0]LogAudioCaptureCore: Display: No Audio Capture implementations found. Audio input will be silent.
[2023.04.22-11.39.20:385][  0]LogAudioCaptureCore: Display: No Audio Capture implementations found. Audio input will be silent.
[2023.04.22-11.39.20:504][  0]LogCollectionManager: Loaded 0 collections in 0.000414 seconds
[2023.04.22-11.39.20:521][  0]LogFileCache: Scanning file cache for directory 'E:/Asus/Documents/GitHub/TheTroubleMakers/Unreal Engine Project/SpeedLimit_UniAzad/Saved/Collections/' took 0.00s
[2023.04.22-11.39.20:521][  0]LogFileCache: Scanning file cache for directory 'E:/Asus/Documents/GitHub/TheTroubleMakers/Unreal Engine Project/SpeedLimit_UniAzad/Content/Developers/Asus/Collections/' took 0.00s
[2023.04.22-11.39.20:521][  0]LogFileCache: Scanning file cache for directory 'E:/Asus/Documents/GitHub/TheTroubleMakers/Unreal Engine Project/SpeedLimit_UniAzad/Content/Collections/' took 0.00s
[2023.04.22-11.39.20:521][  0]LogOcInput: OculusInput pre-init called
[2023.04.22-11.39.20:717][  0]LogStreaming: Warning: Failed to read file '../../../Engine/Content/Editor/Slate/Niagara/MenuSeparator.png' error.
[2023.04.22-11.39.20:717][  0]LogSlate: Could not find file for Slate resource: ../../../Engine/Content/Editor/Slate/Niagara/MenuSeparator.png
[2023.04.22-11.39.20:717][  0]LogStreaming: Warning: Failed to read file '../../../Engine/Content/Editor/Slate/Niagara/Common/Selector.png' error.
[2023.04.22-11.39.20:717][  0]LogSlate: Could not find file for Slate resource: ../../../Engine/Content/Editor/Slate/Niagara/Common/Selector.png
[2023.04.22-11.39.20:717][  0]LogStreaming: Warning: Failed to read file '../../../Engine/Content/Editor/Slate/Niagara/Common/Selection.png' error.
[2023.04.22-11.39.20:717][  0]LogSlate: Could not find file for Slate resource: ../../../Engine/Content/Editor/Slate/Niagara/Common/Selection.png
[2023.04.22-11.39.20:717][  0]LogStreaming: Warning: Failed to read file '../../../Engine/Content/Editor/Slate/Niagara/Common/DropZoneIndicator_Above.png' error.
[2023.04.22-11.39.20:717][  0]LogSlate: Could not find file for Slate resource: ../../../Engine/Content/Editor/Slate/Niagara/Common/DropZoneIndicator_Above.png
[2023.04.22-11.39.20:717][  0]LogStreaming: Warning: Failed to read file '../../../Engine/Content/Editor/Slate/Niagara/Common/DropZoneIndicator_Onto.png' error.
[2023.04.22-11.39.20:717][  0]LogSlate: Could not find file for Slate resource: ../../../Engine/Content/Editor/Slate/Niagara/Common/DropZoneIndicator_Onto.png
[2023.04.22-11.39.20:717][  0]LogStreaming: Warning: Failed to read file '../../../Engine/Content/Editor/Slate/Niagara/Common/DropZoneIndicator_Below.png' error.
[2023.04.22-11.39.20:717][  0]LogSlate: Could not find file for Slate resource: ../../../Engine/Content/Editor/Slate/Niagara/Common/DropZoneIndicator_Below.png
[2023.04.22-11.39.20:717][  0]LogStreaming: Warning: Failed to read file '../../../Engine/Content/Editor/Slate/Niagara/Common/RoundedSelection_16x.png' error.
[2023.04.22-11.39.20:717][  0]LogImageWrapper: Warning: PNG Warning: Duplicate iCCP chunk
[2023.04.22-11.39.20:717][  0]LogSlate: Could not find file for Slate resource: ../../../Engine/Content/Editor/Slate/Niagara/Common/RoundedSelection_16x.png
[2023.04.22-11.39.20:717][  0]LogStreaming: Warning: Failed to read file '../../../Engine/Content/Editor/Slate/Niagara/Common/FlatButton.png' error.
[2023.04.22-11.39.20:717][  0]LogSlate: Could not find file for Slate resource: ../../../Engine/Content/Editor/Slate/Niagara/Common/FlatButton.png
[2023.04.22-11.39.20:717][  0]LogImageWrapper: Warning: PNG Warning: Duplicate iCCP chunk
[2023.04.22-11.39.20:717][  0]LogEngine: Initializing Engine...
[2023.04.22-11.39.20:718][  0]LogHMD: Failed to enumerate extensions. Please check that you have a valid OpenXR runtime installed.
[2023.04.22-11.39.20:718][  0]LogHMD: Failed to initialize OpenVR with code 110
[2023.04.22-11.39.20:718][  0]LogMagicLeap: Warning: VR disabled because ZI is not enabled.  To enable, in the editor, Edit -> Project Settings -> Plugins -> Magic Leap Plugin -> Enable Zero Iteration
[2023.04.22-11.39.20:719][  0]LogStats: UGameplayTagsManager::InitializeManager -  0.000 s
[2023.04.22-11.39.20:812][  0]LogInit: Initializing FReadOnlyCVARCache
[2023.04.22-11.39.20:817][  0]LogAIModule: Creating AISystem for world Untitled
[2023.04.22-11.39.20:817][  0]LogAudio: Display: Initializing Audio Device Manager...
[2023.04.22-11.39.20:820][  0]LogAudio: Display: Loading Default Audio Settings Objects...
[2023.04.22-11.39.20:820][  0]LogAudio: Display: No default SoundConcurrencyObject specified (or failed to load).
[2023.04.22-11.39.20:820][  0]LogAudio: Display: Audio Device Manager Initialized
[2023.04.22-11.39.20:820][  0]LogAudio: Display: Creating Audio Device:                 Id: 1, Scope: Shared, Realtime: True
[2023.04.22-11.39.20:820][  0]LogAudioMixer: Display: Audio Mixer Platform Settings:
[2023.04.22-11.39.20:820][  0]LogAudioMixer: Display: 	Sample Rate:						  48000
[2023.04.22-11.39.20:820][  0]LogAudioMixer: Display: 	Callback Buffer Frame Size Requested: 1024
[2023.04.22-11.39.20:820][  0]LogAudioMixer: Display: 	Callback Buffer Frame Size To Use:	  1024
[2023.04.22-11.39.20:820][  0]LogAudioMixer: Display: 	Number of buffers to queue:			  2
[2023.04.22-11.39.20:820][  0]LogAudioMixer: Display: 	Max Channels (voices):				  32
[2023.04.22-11.39.20:820][  0]LogAudioMixer: Display: 	Number of Async Source Workers:		  0
[2023.04.22-11.39.20:820][  0]LogAudio: Display: AudioDevice MaxSources: 32
[2023.04.22-11.39.20:821][  0]LogAudio: Display: Audio Spatialization Plugin: None (built-in).
[2023.04.22-11.39.20:821][  0]LogAudio: Display: Audio Reverb Plugin: None (built-in).
[2023.04.22-11.39.20:821][  0]LogAudio: Display: Audio Occlusion Plugin: None (built-in).
[2023.04.22-11.39.20:821][  0]LogAudioMixer: Display: Initializing audio mixer.
[2023.04.22-11.39.20:829][  0]LogAudioMixer: Display: 0: FrontLeft
[2023.04.22-11.39.20:829][  0]LogAudioMixer: Display: 1: FrontRight
[2023.04.22-11.39.20:884][  0]LogAudioMixer: Display: Using Audio Device Headphones (QCY-T13)
[2023.04.22-11.39.20:888][  0]LogAudioMixer: Display: Initializing Sound Submixes...
[2023.04.22-11.39.20:891][  0]LogAudioMixer: Display: Creating Master Submix 'MasterSubmixDefault'
[2023.04.22-11.39.20:891][  0]LogAudioMixer: Display: Creating Master Submix 'MasterReverbSubmixDefault'
[2023.04.22-11.39.20:891][  0]LogAudioMixer: Display: Creating Master Submix 'MasterEQSubmixDefault'
[2023.04.22-11.39.20:891][  0]LogAudioMixer: FMixerPlatformXAudio2::StartAudioStream() called
[2023.04.22-11.39.20:891][  0]LogAudioMixer: Display: Output buffers initialized: Frames=1024, Channels=2, Samples=2048
[2023.04.22-11.39.20:892][  0]LogAudioMixer: Display: Starting AudioMixerPlatformInterface::RunInternal()
[2023.04.22-11.39.20:892][  0]LogAudioMixer: Display: FMixerPlatformXAudio2::SubmitBuffer() called for the first time
[2023.04.22-11.39.20:892][  0]LogInit: FAudioDevice initialized.
[2023.04.22-11.39.20:893][  0]LogAudio: Display: Audio Device (ID: 1) registered with world 'Untitled'.
[2023.04.22-11.39.20:893][  0]LogNetVersion: Set ProjectVersion to 1.0.0.0. Version Checksum will be recalculated on next use.
[2023.04.22-11.39.20:943][  0]LogDerivedDataCache: Saved boot cache 0.05s 95MB C:/Users/Asus/AppData/Local/UnrealEngine/4.27/DerivedDataCache/Boot.ddc.
[2023.04.22-11.39.20:943][  0]LogInit: Texture streaming: Enabled
[2023.04.22-11.39.20:952][  0]LogAnalytics: Display: [UEEditor.Rocket.Release] APIServer = https://datarouter.ol.epicgames.com/. AppVersion = 4.27.0-17155196+++UE4+Release-4.27
[2023.04.22-11.39.20:954][  0]LogEngineSessionManager: EngineSessionManager initialized
[2023.04.22-11.39.20:954][  0]LogEditorSessionSummary: Verbose: Initializing EditorSessionSummaryWriter for editor session tracking
[2023.04.22-11.39.20:955][  0]LogEditorSessionSummary: EditorSessionSummaryWriter initialized
[2023.04.22-11.39.20:969][  0]LogInit: Transaction tracking system initialized
[2023.04.22-11.39.20:983][  0]BlueprintLog: New page: Editor Load
[2023.04.22-11.39.21:025][  0]LocalizationService: Localization service is disabled
[2023.04.22-11.39.21:040][  0]TimingProfiler: Initialize
[2023.04.22-11.39.21:040][  0]TimingProfiler: OnSessionChanged
[2023.04.22-11.39.21:040][  0]LoadingProfiler: Initialize
[2023.04.22-11.39.21:041][  0]LoadingProfiler: OnSessionChanged
[2023.04.22-11.39.21:041][  0]NetworkingProfiler: Initialize
[2023.04.22-11.39.21:041][  0]NetworkingProfiler: OnSessionChanged
[2023.04.22-11.39.21:041][  0]MemoryProfiler: Initialize
[2023.04.22-11.39.21:041][  0]MemoryProfiler: OnSessionChanged
[2023.04.22-11.39.21:130][  0]LogCook: Display: CookSettings for Memory: MemoryMaxUsedVirtual 0MiB, MemoryMaxUsedPhysical 16384MiB, MemoryMinFreeVirtual 0MiB, MemoryMinFreePhysical 1024MiB
[2023.04.22-11.39.21:130][  0]LogCook: Display: Mobile HDR setting 1
[2023.04.22-11.39.21:170][  0]LogFileCache: Scanning file cache for directory 'E:/Asus/Documents/GitHub/TheTroubleMakers/Unreal Engine Project/SpeedLimit_UniAzad/Content/' took 0.00s
[2023.04.22-11.39.21:374][  0]LogStreaming: Warning: Failed to read file '../../../Engine/Content/Editor/Slate/Niagara/MenuSeparator.png' error.
[2023.04.22-11.39.21:374][  0]LogSlate: Could not find file for Slate resource: ../../../Engine/Content/Editor/Slate/Niagara/MenuSeparator.png
[2023.04.22-11.39.21:374][  0]LogStreaming: Warning: Failed to read file '../../../Engine/Content/Editor/Slate/Niagara/Common/Selector.png' error.
[2023.04.22-11.39.21:374][  0]LogSlate: Could not find file for Slate resource: ../../../Engine/Content/Editor/Slate/Niagara/Common/Selector.png
[2023.04.22-11.39.21:374][  0]LogStreaming: Warning: Failed to read file '../../../Engine/Content/Editor/Slate/Niagara/Common/Selection.png' error.
[2023.04.22-11.39.21:374][  0]LogSlate: Could not find file for Slate resource: ../../../Engine/Content/Editor/Slate/Niagara/Common/Selection.png
[2023.04.22-11.39.21:374][  0]LogStreaming: Warning: Failed to read file '../../../Engine/Content/Editor/Slate/Niagara/Common/DropZoneIndicator_Above.png' error.
[2023.04.22-11.39.21:374][  0]LogSlate: Could not find file for Slate resource: ../../../Engine/Content/Editor/Slate/Niagara/Common/DropZoneIndicator_Above.png
[2023.04.22-11.39.21:374][  0]LogStreaming: Warning: Failed to read file '../../../Engine/Content/Editor/Slate/Niagara/Common/DropZoneIndicator_Below.png' error.
[2023.04.22-11.39.21:374][  0]LogSlate: Could not find file for Slate resource: ../../../Engine/Content/Editor/Slate/Niagara/Common/DropZoneIndicator_Below.png
[2023.04.22-11.39.21:374][  0]LogStreaming: Warning: Failed to read file '../../../Engine/Content/Editor/Slate/Niagara/Common/RoundedSelection_16x.png' error.
[2023.04.22-11.39.21:374][  0]LogStreaming: Warning: Failed to read file '../../../Engine/Content/Editor/Slate/Niagara/Common/DropZoneIndicator_Onto.png' error.
[2023.04.22-11.39.21:374][  0]LogSlate: Could not find file for Slate resource: ../../../Engine/Content/Editor/Slate/Niagara/Common/RoundedSelection_16x.png
[2023.04.22-11.39.21:374][  0]LogSlate: Could not find file for Slate resource: ../../../Engine/Content/Editor/Slate/Niagara/Common/DropZoneIndicator_Onto.png
[2023.04.22-11.39.21:374][  0]LogStreaming: Warning: Failed to read file '../../../Engine/Content/Editor/Slate/Niagara/Common/FlatButton.png' error.
[2023.04.22-11.39.21:374][  0]LogSlate: Could not find file for Slate resource: ../../../Engine/Content/Editor/Slate/Niagara/Common/FlatButton.png
[2023.04.22-11.39.21:374][  0]LogImageWrapper: Warning: PNG Warning: Duplicate iCCP chunk
[2023.04.22-11.39.21:374][  0]LogImageWrapper: Warning: PNG Warning: Duplicate iCCP chunk
[2023.04.22-11.39.21:413][  0]LogInit: Display: Engine is initialized. Leaving FEngineLoop::Init()
[2023.04.22-11.39.21:416][  0]SourceControl: Source control is disabled
[2023.04.22-11.39.21:416][  0]LogUnrealEdMisc: Loading editor; pre map load, took 4.787
[2023.04.22-11.39.21:416][  0]LightingResults: New page: Lighting Build
[2023.04.22-11.39.21:417][  0]LogWorld: UWorld::CleanupWorld for Untitled, bSessionEnded=true, bCleanupResources=true
[2023.04.22-11.39.21:417][  0]LogSlate: InvalidateAllWidgets triggered.  All widgets were invalidated
[2023.04.22-11.39.21:417][  0]MapCheck: New page: Map Check
[2023.04.22-11.39.21:417][  0]LightingResults: New page: Lighting Build
[2023.04.22-11.39.21:421][  0]LogAudio: Display: Audio Device unregistered from world 'None'.
[2023.04.22-11.39.21:423][  0]LogUObjectHash: Compacting FUObjectHashTables data took   0.58ms
[2023.04.22-11.39.21:491][  0]LogAudio: Display: Audio Device (ID: 1) registered with world 'Minimal_Default'.
[2023.04.22-11.39.21:491][  0]LogAIModule: Creating AISystem for world Minimal_Default
[2023.04.22-11.39.21:495][  0]LogEditorServer: Finished looking for orphan Actors (0.000 secs)
[2023.04.22-11.39.21:499][  0]LogUObjectHash: Compacting FUObjectHashTables data took   0.59ms
[2023.04.22-11.39.21:500][  0]Cmd: MAP CHECKDEP NOCLEARLOG
[2023.04.22-11.39.21:500][  0]MapCheck: Map check complete: 0 Error(s), 0 Warning(s), took 0.08ms to complete.
[2023.04.22-11.39.21:500][  0]LogFileHelpers: Loading map 'Minimal_Default' took 0.085
[2023.04.22-11.39.21:501][  0]LogUnrealEdMisc: Total Editor Startup Time, took 4.873
[2023.04.22-11.39.21:601][  0]LogSlate: Updating window title bar state: overlay mode, drag disabled, window buttons hidden, title bar hidden
[2023.04.22-11.39.21:606][  0]LogSlate: Updating window title bar state: overlay mode, drag disabled, window buttons hidden, title bar hidden
[2023.04.22-11.39.21:610][  0]LogSlate: Updating window title bar state: overlay mode, drag disabled, window buttons hidden, title bar hidden
[2023.04.22-11.39.21:614][  0]LogSlate: Updating window title bar state: overlay mode, drag disabled, window buttons hidden, title bar hidden
[2023.04.22-11.39.21:623][  0]LogNativeClassHierarchy: Verbose: Native class hierarchy populated in 0.0072 seconds. Added 3822 classes and 928 folders.
[2023.04.22-11.39.21:624][  0]LogNativeClassHierarchy: Verbose: Native class hierarchy updated for 'WidgetCarousel' in 0.0002 seconds. Added 0 classes and 0 folders.
[2023.04.22-11.39.21:626][  0]LogPakFile: PakFile PrimaryIndexSize=187
[2023.04.22-11.39.21:626][  0]LogPakFile: PakFile PathHashIndexSize=101
[2023.04.22-11.39.21:626][  0]LogPakFile: PakFile FullDirectoryIndexSize=148
[2023.04.22-11.39.21:626][  0]LogShaderLibrary: Display: ShaderCodeLibraryPakFileMountedCallback: PakFile 'E:/Downloads/unreal_engine_v4.27_compiled/Unreal Engine v4.27 Compiled/FeaturePacks/FP_FirstPerson.upack' (chunk index -1, root 'root:/') mounted
[2023.04.22-11.39.21:626][  0]LogShaderLibrary: Display: ShaderCodeLibraryPakFileMountedCallback: pending pak file info (ChunkID:-1 Root:root:/ File:E:/Downloads/unreal_engine_v4.27_compiled/Unreal Engine v4.27 Compiled/FeaturePacks/FP_FirstPerson.upack)
[2023.04.22-11.39.21:626][  0]LogPakFile: OnPakFileMounted2Time == 0.000047
[2023.04.22-11.39.21:626][  0]LogPakFile: PakFile PrimaryIndexSize=189
[2023.04.22-11.39.21:626][  0]LogPakFile: PakFile PathHashIndexSize=101
[2023.04.22-11.39.21:626][  0]LogPakFile: PakFile FullDirectoryIndexSize=152
[2023.04.22-11.39.21:626][  0]LogShaderLibrary: Display: ShaderCodeLibraryPakFileMountedCallback: PakFile 'E:/Downloads/unreal_engine_v4.27_compiled/Unreal Engine v4.27 Compiled/FeaturePacks/FP_FirstPersonBP.upack' (chunk index -1, root 'root:/') mounted
[2023.04.22-11.39.21:626][  0]LogShaderLibrary: Display: ShaderCodeLibraryPakFileMountedCallback: pending pak file info (ChunkID:-1 Root:root:/ File:E:/Downloads/unreal_engine_v4.27_compiled/Unreal Engine v4.27 Compiled/FeaturePacks/FP_FirstPersonBP.upack)
[2023.04.22-11.39.21:626][  0]LogPakFile: OnPakFileMounted2Time == 0.000029
[2023.04.22-11.39.21:627][  0]LogPakFile: PakFile PrimaryIndexSize=191
[2023.04.22-11.39.21:627][  0]LogPakFile: PakFile PathHashIndexSize=101
[2023.04.22-11.39.21:627][  0]LogPakFile: PakFile FullDirectoryIndexSize=160
[2023.04.22-11.39.21:627][  0]LogShaderLibrary: Display: ShaderCodeLibraryPakFileMountedCallback: PakFile 'E:/Downloads/unreal_engine_v4.27_compiled/Unreal Engine v4.27 Compiled/FeaturePacks/MobileStarterContent.upack' (chunk index -1, root 'root:/') mounted
[2023.04.22-11.39.21:627][  0]LogShaderLibrary: Display: ShaderCodeLibraryPakFileMountedCallback: pending pak file info (ChunkID:-1 Root:root:/ File:E:/Downloads/unreal_engine_v4.27_compiled/Unreal Engine v4.27 Compiled/FeaturePacks/MobileStarterContent.upack)
[2023.04.22-11.39.21:627][  0]LogPakFile: OnPakFileMounted2Time == 0.000025
[2023.04.22-11.39.21:627][  0]LogPakFile: PakFile PrimaryIndexSize=185
[2023.04.22-11.39.21:627][  0]LogPakFile: PakFile PathHashIndexSize=101
[2023.04.22-11.39.21:627][  0]LogPakFile: PakFile FullDirectoryIndexSize=148
[2023.04.22-11.39.21:627][  0]LogShaderLibrary: Display: ShaderCodeLibraryPakFileMountedCallback: PakFile 'E:/Downloads/unreal_engine_v4.27_compiled/Unreal Engine v4.27 Compiled/FeaturePacks/StarterContent.upack' (chunk index -1, root 'root:/') mounted
[2023.04.22-11.39.21:627][  0]LogShaderLibrary: Display: ShaderCodeLibraryPakFileMountedCallback: pending pak file info (ChunkID:-1 Root:root:/ File:E:/Downloads/unreal_engine_v4.27_compiled/Unreal Engine v4.27 Compiled/FeaturePacks/StarterContent.upack)
[2023.04.22-11.39.21:627][  0]LogPakFile: OnPakFileMounted2Time == 0.000027
[2023.04.22-11.39.21:627][  0]LogPakFile: PakFile PrimaryIndexSize=190
[2023.04.22-11.39.21:627][  0]LogPakFile: PakFile PathHashIndexSize=101
[2023.04.22-11.39.21:627][  0]LogPakFile: PakFile FullDirectoryIndexSize=154
[2023.04.22-11.39.21:627][  0]LogShaderLibrary: Display: ShaderCodeLibraryPakFileMountedCallback: PakFile 'E:/Downloads/unreal_engine_v4.27_compiled/Unreal Engine v4.27 Compiled/FeaturePacks/TP_2DSideScroller.upack' (chunk index -1, root 'root:/') mounted
[2023.04.22-11.39.21:627][  0]LogShaderLibrary: Display: ShaderCodeLibraryPakFileMountedCallback: pending pak file info (ChunkID:-1 Root:root:/ File:E:/Downloads/unreal_engine_v4.27_compiled/Unreal Engine v4.27 Compiled/FeaturePacks/TP_2DSideScroller.upack)
[2023.04.22-11.39.21:627][  0]LogPakFile: OnPakFileMounted2Time == 0.000025
[2023.04.22-11.39.21:627][  0]LogPakFile: PakFile PrimaryIndexSize=192
[2023.04.22-11.39.21:628][  0]LogPakFile: PakFile PathHashIndexSize=101
[2023.04.22-11.39.21:628][  0]LogPakFile: PakFile FullDirectoryIndexSize=158
[2023.04.22-11.39.21:628][  0]LogShaderLibrary: Display: ShaderCodeLibraryPakFileMountedCallback: PakFile 'E:/Downloads/unreal_engine_v4.27_compiled/Unreal Engine v4.27 Compiled/FeaturePacks/TP_2DSideScrollerBP.upack' (chunk index -1, root 'root:/') mounted
[2023.04.22-11.39.21:628][  0]LogShaderLibrary: Display: ShaderCodeLibraryPakFileMountedCallback: pending pak file info (ChunkID:-1 Root:root:/ File:E:/Downloads/unreal_engine_v4.27_compiled/Unreal Engine v4.27 Compiled/FeaturePacks/TP_2DSideScrollerBP.upack)
[2023.04.22-11.39.21:628][  0]LogPakFile: OnPakFileMounted2Time == 0.000026
[2023.04.22-11.39.21:628][  0]LogPakFile: PakFile PrimaryIndexSize=182
[2023.04.22-11.39.21:628][  0]LogPakFile: PakFile PathHashIndexSize=101
[2023.04.22-11.39.21:628][  0]LogPakFile: PakFile FullDirectoryIndexSize=138
[2023.04.22-11.39.21:628][  0]LogShaderLibrary: Display: ShaderCodeLibraryPakFileMountedCallback: PakFile 'E:/Downloads/unreal_engine_v4.27_compiled/Unreal Engine v4.27 Compiled/FeaturePacks/TP_Flying.upack' (chunk index -1, root 'root:/') mounted
[2023.04.22-11.39.21:628][  0]LogShaderLibrary: Display: ShaderCodeLibraryPakFileMountedCallback: pending pak file info (ChunkID:-1 Root:root:/ File:E:/Downloads/unreal_engine_v4.27_compiled/Unreal Engine v4.27 Compiled/FeaturePacks/TP_Flying.upack)
[2023.04.22-11.39.21:628][  0]LogPakFile: OnPakFileMounted2Time == 0.000024
[2023.04.22-11.39.21:628][  0]LogPakFile: PakFile PrimaryIndexSize=184
[2023.04.22-11.39.21:628][  0]LogPakFile: PakFile PathHashIndexSize=101
[2023.04.22-11.39.21:628][  0]LogPakFile: PakFile FullDirectoryIndexSize=142
[2023.04.22-11.39.21:628][  0]LogShaderLibrary: Display: ShaderCodeLibraryPakFileMountedCallback: PakFile 'E:/Downloads/unreal_engine_v4.27_compiled/Unreal Engine v4.27 Compiled/FeaturePacks/TP_FlyingBP.upack' (chunk index -1, root 'root:/') mounted
[2023.04.22-11.39.21:628][  0]LogShaderLibrary: Display: ShaderCodeLibraryPakFileMountedCallback: pending pak file info (ChunkID:-1 Root:root:/ File:E:/Downloads/unreal_engine_v4.27_compiled/Unreal Engine v4.27 Compiled/FeaturePacks/TP_FlyingBP.upack)
[2023.04.22-11.39.21:628][  0]LogPakFile: OnPakFileMounted2Time == 0.000024
[2023.04.22-11.39.21:628][  0]LogPakFile: PakFile PrimaryIndexSize=188
[2023.04.22-11.39.21:628][  0]LogPakFile: PakFile PathHashIndexSize=101
[2023.04.22-11.39.21:628][  0]LogPakFile: PakFile FullDirectoryIndexSize=150
[2023.04.22-11.39.21:628][  0]LogShaderLibrary: Display: ShaderCodeLibraryPakFileMountedCallback: PakFile 'E:/Downloads/unreal_engine_v4.27_compiled/Unreal Engine v4.27 Compiled/FeaturePacks/TP_HandheldARBP.upack' (chunk index -1, root 'root:/') mounted
[2023.04.22-11.39.21:628][  0]LogShaderLibrary: Display: ShaderCodeLibraryPakFileMountedCallback: pending pak file info (ChunkID:-1 Root:root:/ File:E:/Downloads/unreal_engine_v4.27_compiled/Unreal Engine v4.27 Compiled/FeaturePacks/TP_HandheldARBP.upack)
[2023.04.22-11.39.21:628][  0]LogPakFile: OnPakFileMounted2Time == 0.000026
[2023.04.22-11.39.21:629][  0]LogPakFile: PakFile PrimaryIndexSize=182
[2023.04.22-11.39.21:629][  0]LogPakFile: PakFile PathHashIndexSize=101
[2023.04.22-11.39.21:629][  0]LogPakFile: PakFile FullDirectoryIndexSize=138
[2023.04.22-11.39.21:629][  0]LogShaderLibrary: Display: ShaderCodeLibraryPakFileMountedCallback: PakFile 'E:/Downloads/unreal_engine_v4.27_compiled/Unreal Engine v4.27 Compiled/FeaturePacks/TP_Puzzle.upack' (chunk index -1, root 'root:/') mounted
[2023.04.22-11.39.21:629][  0]LogShaderLibrary: Display: ShaderCodeLibraryPakFileMountedCallback: pending pak file info (ChunkID:-1 Root:root:/ File:E:/Downloads/unreal_engine_v4.27_compiled/Unreal Engine v4.27 Compiled/FeaturePacks/TP_Puzzle.upack)
[2023.04.22-11.39.21:629][  0]LogPakFile: OnPakFileMounted2Time == 0.000028
[2023.04.22-11.39.21:629][  0]LogPakFile: PakFile PrimaryIndexSize=184
[2023.04.22-11.39.21:629][  0]LogPakFile: PakFile PathHashIndexSize=101
[2023.04.22-11.39.21:629][  0]LogPakFile: PakFile FullDirectoryIndexSize=142
[2023.04.22-11.39.21:629][  0]LogShaderLibrary: Display: ShaderCodeLibraryPakFileMountedCallback: PakFile 'E:/Downloads/unreal_engine_v4.27_compiled/Unreal Engine v4.27 Compiled/FeaturePacks/TP_PuzzleBP.upack' (chunk index -1, root 'root:/') mounted
[2023.04.22-11.39.21:629][  0]LogShaderLibrary: Display: ShaderCodeLibraryPakFileMountedCallback: pending pak file info (ChunkID:-1 Root:root:/ File:E:/Downloads/unreal_engine_v4.27_compiled/Unreal Engine v4.27 Compiled/FeaturePacks/TP_PuzzleBP.upack)
[2023.04.22-11.39.21:629][  0]LogPakFile: OnPakFileMounted2Time == 0.000024
[2023.04.22-11.39.21:629][  0]LogPakFile: PakFile PrimaryIndexSize=183
[2023.04.22-11.39.21:629][  0]LogPakFile: PakFile PathHashIndexSize=101
[2023.04.22-11.39.21:629][  0]LogPakFile: PakFile FullDirectoryIndexSize=140
[2023.04.22-11.39.21:629][  0]LogShaderLibrary: Display: ShaderCodeLibraryPakFileMountedCallback: PakFile 'E:/Downloads/unreal_engine_v4.27_compiled/Unreal Engine v4.27 Compiled/FeaturePacks/TP_Rolling.upack' (chunk index -1, root 'root:/') mounted
[2023.04.22-11.39.21:629][  0]LogShaderLibrary: Display: ShaderCodeLibraryPakFileMountedCallback: pending pak file info (ChunkID:-1 Root:root:/ File:E:/Downloads/unreal_engine_v4.27_compiled/Unreal Engine v4.27 Compiled/FeaturePacks/TP_Rolling.upack)
[2023.04.22-11.39.21:629][  0]LogPakFile: OnPakFileMounted2Time == 0.000025
[2023.04.22-11.39.21:629][  0]LogPakFile: PakFile PrimaryIndexSize=185
[2023.04.22-11.39.21:629][  0]LogPakFile: PakFile PathHashIndexSize=101
[2023.04.22-11.39.21:629][  0]LogPakFile: PakFile FullDirectoryIndexSize=144
[2023.04.22-11.39.21:629][  0]LogShaderLibrary: Display: ShaderCodeLibraryPakFileMountedCallback: PakFile 'E:/Downloads/unreal_engine_v4.27_compiled/Unreal Engine v4.27 Compiled/FeaturePacks/TP_RollingBP.upack' (chunk index -1, root 'root:/') mounted
[2023.04.22-11.39.21:630][  0]LogShaderLibrary: Display: ShaderCodeLibraryPakFileMountedCallback: pending pak file info (ChunkID:-1 Root:root:/ File:E:/Downloads/unreal_engine_v4.27_compiled/Unreal Engine v4.27 Compiled/FeaturePacks/TP_RollingBP.upack)
[2023.04.22-11.39.21:630][  0]LogPakFile: OnPakFileMounted2Time == 0.000025
[2023.04.22-11.39.21:630][  0]LogPakFile: PakFile PrimaryIndexSize=188
[2023.04.22-11.39.21:630][  0]LogPakFile: PakFile PathHashIndexSize=101
[2023.04.22-11.39.21:630][  0]LogPakFile: PakFile FullDirectoryIndexSize=150
[2023.04.22-11.39.21:630][  0]LogShaderLibrary: Display: ShaderCodeLibraryPakFileMountedCallback: PakFile 'E:/Downloads/unreal_engine_v4.27_compiled/Unreal Engine v4.27 Compiled/FeaturePacks/TP_SideScroller.upack' (chunk index -1, root 'root:/') mounted
[2023.04.22-11.39.21:630][  0]LogShaderLibrary: Display: ShaderCodeLibraryPakFileMountedCallback: pending pak file info (ChunkID:-1 Root:root:/ File:E:/Downloads/unreal_engine_v4.27_compiled/Unreal Engine v4.27 Compiled/FeaturePacks/TP_SideScroller.upack)
[2023.04.22-11.39.21:630][  0]LogPakFile: OnPakFileMounted2Time == 0.000024
[2023.04.22-11.39.21:630][  0]LogPakFile: PakFile PrimaryIndexSize=190
[2023.04.22-11.39.21:630][  0]LogPakFile: PakFile PathHashIndexSize=101
[2023.04.22-11.39.21:630][  0]LogPakFile: PakFile FullDirectoryIndexSize=154
[2023.04.22-11.39.21:630][  0]LogShaderLibrary: Display: ShaderCodeLibraryPakFileMountedCallback: PakFile 'E:/Downloads/unreal_engine_v4.27_compiled/Unreal Engine v4.27 Compiled/FeaturePacks/TP_SideScrollerBP.upack' (chunk index -1, root 'root:/') mounted
[2023.04.22-11.39.21:630][  0]LogShaderLibrary: Display: ShaderCodeLibraryPakFileMountedCallback: pending pak file info (ChunkID:-1 Root:root:/ File:E:/Downloads/unreal_engine_v4.27_compiled/Unreal Engine v4.27 Compiled/FeaturePacks/TP_SideScrollerBP.upack)
[2023.04.22-11.39.21:630][  0]LogPakFile: OnPakFileMounted2Time == 0.000024
[2023.04.22-11.39.21:630][  0]LogPakFile: PakFile PrimaryIndexSize=187
[2023.04.22-11.39.21:630][  0]LogPakFile: PakFile PathHashIndexSize=101
[2023.04.22-11.39.21:630][  0]LogPakFile: PakFile FullDirectoryIndexSize=148
[2023.04.22-11.39.21:630][  0]LogShaderLibrary: Display: ShaderCodeLibraryPakFileMountedCallback: PakFile 'E:/Downloads/unreal_engine_v4.27_compiled/Unreal Engine v4.27 Compiled/FeaturePacks/TP_ThirdPerson.upack' (chunk index -1, root 'root:/') mounted
[2023.04.22-11.39.21:630][  0]LogShaderLibrary: Display: ShaderCodeLibraryPakFileMountedCallback: pending pak file info (ChunkID:-1 Root:root:/ File:E:/Downloads/unreal_engine_v4.27_compiled/Unreal Engine v4.27 Compiled/FeaturePacks/TP_ThirdPerson.upack)
[2023.04.22-11.39.21:630][  0]LogPakFile: OnPakFileMounted2Time == 0.000025
[2023.04.22-11.39.21:630][  0]LogPakFile: PakFile PrimaryIndexSize=189
[2023.04.22-11.39.21:630][  0]LogPakFile: PakFile PathHashIndexSize=101
[2023.04.22-11.39.21:631][  0]LogPakFile: PakFile FullDirectoryIndexSize=152
[2023.04.22-11.39.21:631][  0]LogShaderLibrary: Display: ShaderCodeLibraryPakFileMountedCallback: PakFile 'E:/Downloads/unreal_engine_v4.27_compiled/Unreal Engine v4.27 Compiled/FeaturePacks/TP_ThirdPersonBP.upack' (chunk index -1, root 'root:/') mounted
[2023.04.22-11.39.21:631][  0]LogShaderLibrary: Display: ShaderCodeLibraryPakFileMountedCallback: pending pak file info (ChunkID:-1 Root:root:/ File:E:/Downloads/unreal_engine_v4.27_compiled/Unreal Engine v4.27 Compiled/FeaturePacks/TP_ThirdPersonBP.upack)
[2023.04.22-11.39.21:631][  0]LogPakFile: OnPakFileMounted2Time == 0.000024
[2023.04.22-11.39.21:631][  0]LogPakFile: PakFile PrimaryIndexSize=183
[2023.04.22-11.39.21:631][  0]LogPakFile: PakFile PathHashIndexSize=101
[2023.04.22-11.39.21:631][  0]LogPakFile: PakFile FullDirectoryIndexSize=140
[2023.04.22-11.39.21:631][  0]LogShaderLibrary: Display: ShaderCodeLibraryPakFileMountedCallback: PakFile 'E:/Downloads/unreal_engine_v4.27_compiled/Unreal Engine v4.27 Compiled/FeaturePacks/TP_TopDown.upack' (chunk index -1, root 'root:/') mounted
[2023.04.22-11.39.21:631][  0]LogShaderLibrary: Display: ShaderCodeLibraryPakFileMountedCallback: pending pak file info (ChunkID:-1 Root:root:/ File:E:/Downloads/unreal_engine_v4.27_compiled/Unreal Engine v4.27 Compiled/FeaturePacks/TP_TopDown.upack)
[2023.04.22-11.39.21:631][  0]LogPakFile: OnPakFileMounted2Time == 0.000032
[2023.04.22-11.39.21:631][  0]LogPakFile: PakFile PrimaryIndexSize=185
[2023.04.22-11.39.21:631][  0]LogPakFile: PakFile PathHashIndexSize=101
[2023.04.22-11.39.21:631][  0]LogPakFile: PakFile FullDirectoryIndexSize=144
[2023.04.22-11.39.21:631][  0]LogShaderLibrary: Display: ShaderCodeLibraryPakFileMountedCallback: PakFile 'E:/Downloads/unreal_engine_v4.27_compiled/Unreal Engine v4.27 Compiled/FeaturePacks/TP_TopDownBP.upack' (chunk index -1, root 'root:/') mounted
[2023.04.22-11.39.21:631][  0]LogShaderLibrary: Display: ShaderCodeLibraryPakFileMountedCallback: pending pak file info (ChunkID:-1 Root:root:/ File:E:/Downloads/unreal_engine_v4.27_compiled/Unreal Engine v4.27 Compiled/FeaturePacks/TP_TopDownBP.upack)
[2023.04.22-11.39.21:631][  0]LogPakFile: OnPakFileMounted2Time == 0.000024
[2023.04.22-11.39.21:631][  0]LogPakFile: PakFile PrimaryIndexSize=185
[2023.04.22-11.39.21:631][  0]LogPakFile: PakFile PathHashIndexSize=101
[2023.04.22-11.39.21:631][  0]LogPakFile: PakFile FullDirectoryIndexSize=144
[2023.04.22-11.39.21:631][  0]LogShaderLibrary: Display: ShaderCodeLibraryPakFileMountedCallback: PakFile 'E:/Downloads/unreal_engine_v4.27_compiled/Unreal Engine v4.27 Compiled/FeaturePacks/TP_TwinStick.upack' (chunk index -1, root 'root:/') mounted
[2023.04.22-11.39.21:631][  0]LogShaderLibrary: Display: ShaderCodeLibraryPakFileMountedCallback: pending pak file info (ChunkID:-1 Root:root:/ File:E:/Downloads/unreal_engine_v4.27_compiled/Unreal Engine v4.27 Compiled/FeaturePacks/TP_TwinStick.upack)
[2023.04.22-11.39.21:631][  0]LogPakFile: OnPakFileMounted2Time == 0.000024
[2023.04.22-11.39.21:632][  0]LogPakFile: PakFile PrimaryIndexSize=187
[2023.04.22-11.39.21:632][  0]LogPakFile: PakFile PathHashIndexSize=101
[2023.04.22-11.39.21:632][  0]LogPakFile: PakFile FullDirectoryIndexSize=148
[2023.04.22-11.39.21:632][  0]LogShaderLibrary: Display: ShaderCodeLibraryPakFileMountedCallback: PakFile 'E:/Downloads/unreal_engine_v4.27_compiled/Unreal Engine v4.27 Compiled/FeaturePacks/TP_TwinStickBP.upack' (chunk index -1, root 'root:/') mounted
[2023.04.22-11.39.21:632][  0]LogShaderLibrary: Display: ShaderCodeLibraryPakFileMountedCallback: pending pak file info (ChunkID:-1 Root:root:/ File:E:/Downloads/unreal_engine_v4.27_compiled/Unreal Engine v4.27 Compiled/FeaturePacks/TP_TwinStickBP.upack)
[2023.04.22-11.39.21:632][  0]LogPakFile: OnPakFileMounted2Time == 0.000024
[2023.04.22-11.39.21:632][  0]LogPakFile: PakFile PrimaryIndexSize=183
[2023.04.22-11.39.21:632][  0]LogPakFile: PakFile PathHashIndexSize=101
[2023.04.22-11.39.21:632][  0]LogPakFile: PakFile FullDirectoryIndexSize=140
[2023.04.22-11.39.21:632][  0]LogShaderLibrary: Display: ShaderCodeLibraryPakFileMountedCallback: PakFile 'E:/Downloads/unreal_engine_v4.27_compiled/Unreal Engine v4.27 Compiled/FeaturePacks/TP_Vehicle.upack' (chunk index -1, root 'root:/') mounted
[2023.04.22-11.39.21:632][  0]LogShaderLibrary: Display: ShaderCodeLibraryPakFileMountedCallback: pending pak file info (ChunkID:-1 Root:root:/ File:E:/Downloads/unreal_engine_v4.27_compiled/Unreal Engine v4.27 Compiled/FeaturePacks/TP_Vehicle.upack)
[2023.04.22-11.39.21:632][  0]LogPakFile: OnPakFileMounted2Time == 0.000027
[2023.04.22-11.39.21:632][  0]LogPakFile: PakFile PrimaryIndexSize=186
[2023.04.22-11.39.21:632][  0]LogPakFile: PakFile PathHashIndexSize=101
[2023.04.22-11.39.21:632][  0]LogPakFile: PakFile FullDirectoryIndexSize=146
[2023.04.22-11.39.21:632][  0]LogShaderLibrary: Display: ShaderCodeLibraryPakFileMountedCallback: PakFile 'E:/Downloads/unreal_engine_v4.27_compiled/Unreal Engine v4.27 Compiled/FeaturePacks/TP_VehicleAdv.upack' (chunk index -1, root 'root:/') mounted
[2023.04.22-11.39.21:632][  0]LogShaderLibrary: Display: ShaderCodeLibraryPakFileMountedCallback: pending pak file info (ChunkID:-1 Root:root:/ File:E:/Downloads/unreal_engine_v4.27_compiled/Unreal Engine v4.27 Compiled/FeaturePacks/TP_VehicleAdv.upack)
[2023.04.22-11.39.21:632][  0]LogPakFile: OnPakFileMounted2Time == 0.000024
[2023.04.22-11.39.21:632][  0]LogPakFile: PakFile PrimaryIndexSize=188
[2023.04.22-11.39.21:632][  0]LogPakFile: PakFile PathHashIndexSize=101
[2023.04.22-11.39.21:632][  0]LogPakFile: PakFile FullDirectoryIndexSize=150
[2023.04.22-11.39.21:632][  0]LogShaderLibrary: Display: ShaderCodeLibraryPakFileMountedCallback: PakFile 'E:/Downloads/unreal_engine_v4.27_compiled/Unreal Engine v4.27 Compiled/FeaturePacks/TP_VehicleAdvBP.upack' (chunk index -1, root 'root:/') mounted
[2023.04.22-11.39.21:632][  0]LogShaderLibrary: Display: ShaderCodeLibraryPakFileMountedCallback: pending pak file info (ChunkID:-1 Root:root:/ File:E:/Downloads/unreal_engine_v4.27_compiled/Unreal Engine v4.27 Compiled/FeaturePacks/TP_VehicleAdvBP.upack)
[2023.04.22-11.39.21:632][  0]LogPakFile: OnPakFileMounted2Time == 0.000024
[2023.04.22-11.39.21:633][  0]LogPakFile: PakFile PrimaryIndexSize=185
[2023.04.22-11.39.21:633][  0]LogPakFile: PakFile PathHashIndexSize=101
[2023.04.22-11.39.21:633][  0]LogPakFile: PakFile FullDirectoryIndexSize=144
[2023.04.22-11.39.21:633][  0]LogShaderLibrary: Display: ShaderCodeLibraryPakFileMountedCallback: PakFile 'E:/Downloads/unreal_engine_v4.27_compiled/Unreal Engine v4.27 Compiled/FeaturePacks/TP_VehicleBP.upack' (chunk index -1, root 'root:/') mounted
[2023.04.22-11.39.21:633][  0]LogShaderLibrary: Display: ShaderCodeLibraryPakFileMountedCallback: pending pak file info (ChunkID:-1 Root:root:/ File:E:/Downloads/unreal_engine_v4.27_compiled/Unreal Engine v4.27 Compiled/FeaturePacks/TP_VehicleBP.upack)
[2023.04.22-11.39.21:633][  0]LogPakFile: OnPakFileMounted2Time == 0.000025
[2023.04.22-11.39.21:633][  0]LogPakFile: PakFile PrimaryIndexSize=192
[2023.04.22-11.39.21:633][  0]LogPakFile: PakFile PathHashIndexSize=101
[2023.04.22-11.39.21:633][  0]LogPakFile: PakFile FullDirectoryIndexSize=158
[2023.04.22-11.39.21:633][  0]LogShaderLibrary: Display: ShaderCodeLibraryPakFileMountedCallback: PakFile 'E:/Downloads/unreal_engine_v4.27_compiled/Unreal Engine v4.27 Compiled/FeaturePacks/TP_VirtualRealityBP.upack' (chunk index -1, root 'root:/') mounted
[2023.04.22-11.39.21:633][  0]LogShaderLibrary: Display: ShaderCodeLibraryPakFileMountedCallback: pending pak file info (ChunkID:-1 Root:root:/ File:E:/Downloads/unreal_engine_v4.27_compiled/Unreal Engine v4.27 Compiled/FeaturePacks/TP_VirtualRealityBP.upack)
[2023.04.22-11.39.21:633][  0]LogPakFile: OnPakFileMounted2Time == 0.000025
[2023.04.22-11.39.21:653][  0]LogNativeClassHierarchy: Verbose: Native class hierarchy updated for 'AddContentDialog' in 0.0002 seconds. Added 0 classes and 0 folders.
[2023.04.22-11.39.21:654][  0]LogNativeClassHierarchy: Verbose: Native class hierarchy updated for 'SceneOutliner' in 0.0002 seconds. Added 2 classes and 0 folders.
[2023.04.22-11.39.21:732][  0]LogSlate: Took 0.000203 seconds to synchronously load lazily loaded font '../../../Engine/Content/Slate/Fonts/Roboto-Regular.ttf' (155K)
[2023.04.22-11.39.21:733][  0]LogSlate: Took 0.000153 seconds to synchronously load lazily loaded font '../../../Engine/Content/Editor/Slate/Fonts/FontAwesome.ttf' (139K)
[2023.04.22-11.39.21:734][  0]LogSlate: Took 0.000100 seconds to synchronously load lazily loaded font '../../../Engine/Content/Slate/Fonts/Roboto-Bold.ttf' (160K)
[2023.04.22-11.39.21:795][  0]LogRenderer: Reallocating scene render targets to support 1208x568 Format 10 NumSamples 1 (Frame:1).
[2023.04.22-11.39.21:888][  0]LogNativeClassHierarchy: Verbose: Native class hierarchy updated for 'HierarchicalLODOutliner' in 0.0003 seconds. Added 0 classes and 0 folders.
[2023.04.22-11.39.21:888][  0]LogLoad: (Engine Initialization) Total time: 5.26 seconds
[2023.04.22-11.39.21:888][  0]LogLoad: (Engine Initialization) Total Blueprint compile time: 0.00 seconds
[2023.04.22-11.39.21:932][  0]LogAssetRegistry: Asset discovery search completed in 3.0565 seconds
[2023.04.22-11.39.21:936][  0]LogCollectionManager: Fixed up redirectors for 0 collections in 0.000004 seconds (updated 0 objects)
[2023.04.22-11.39.21:937][  0]LogContentStreaming: Texture pool size now 1000 MB
[2023.04.22-11.39.22:579][  2]LogSlate: Took 0.000202 seconds to synchronously load lazily loaded font '../../../Engine/Content/Slate/Fonts/Roboto-Light.ttf' (167K)
